[    0.000000] Linux version 6.12.28 (nixbld@localhost) (gcc (GCC) 14.2.1 20250322, GNU ld (GNU Binutils) 2.44) #1-NixOS SMP PREEMPT_DYNAMIC Fri May  9 07:50:53 UTC 2025
[    0.000000] Command line: initrd=\EFI\nixos\8wd0m80hxlhancr4qrl3yhblmcks08sn-initrd-linux-6.12.28-initrd.efi init=/nix/store/8ifvjqgavfsx6lpqzm2c35yyiqxqqjr7-nixos-system-plo-25.05.20250510.d89fc19/init nvidia-drm.modeset=1 fbdev=1 selinux=0 apparmor=0 loglevel=4 nvidia-drm.modeset=1 nvidia-drm.fbdev=1
[    0.000000] BIOS-provided physical RAM map:
[    0.000000] BIOS-e820: [mem 0x0000000000000000-0x000000000009dfff] usable
[    0.000000] BIOS-e820: [mem 0x000000000009e000-0x000000000009efff] reserved
[    0.000000] BIOS-e820: [mem 0x000000000009f000-0x000000000009ffff] usable
[    0.000000] BIOS-e820: [mem 0x00000000000a0000-0x00000000000fffff] reserved
[    0.000000] BIOS-e820: [mem 0x0000000000100000-0x0000000085983fff] usable
[    0.000000] BIOS-e820: [mem 0x0000000085984000-0x0000000085984fff] reserved
[    0.000000] BIOS-e820: [mem 0x0000000085985000-0x0000000095db4fff] usable
[    0.000000] BIOS-e820: [mem 0x0000000095db5000-0x00000000982b4fff] reserved
[    0.000000] BIOS-e820: [mem 0x00000000982b5000-0x0000000098534fff] ACPI data
[    0.000000] BIOS-e820: [mem 0x0000000098535000-0x00000000986fefff] ACPI NVS
[    0.000000] BIOS-e820: [mem 0x00000000986ff000-0x0000000099ffefff] reserved
[    0.000000] BIOS-e820: [mem 0x0000000099fff000-0x0000000099ffffff] usable
[    0.000000] BIOS-e820: [mem 0x000000009a000000-0x000000009dffffff] reserved
[    0.000000] BIOS-e820: [mem 0x000000009ee00000-0x000000009fffffff] reserved
[    0.000000] BIOS-e820: [mem 0x00000000e0000000-0x00000000efffffff] reserved
[    0.000000] BIOS-e820: [mem 0x00000000fe000000-0x00000000fe010fff] reserved
[    0.000000] BIOS-e820: [mem 0x00000000fec00000-0x00000000fec00fff] reserved
[    0.000000] BIOS-e820: [mem 0x00000000fed00000-0x00000000fed00fff] reserved
[    0.000000] BIOS-e820: [mem 0x00000000fed20000-0x00000000fed7ffff] reserved
[    0.000000] BIOS-e820: [mem 0x00000000fee00000-0x00000000fee00fff] reserved
[    0.000000] BIOS-e820: [mem 0x00000000ff000000-0x00000000ffffffff] reserved
[    0.000000] BIOS-e820: [mem 0x0000000100000000-0x000000105fffffff] usable
[    0.000000] NX (Execute Disable) protection: active
[    0.000000] APIC: Static calls initialized
[    0.000000] e820: update [mem 0x87f2c018-0x87f52857] usable ==> usable
[    0.000000] e820: update [mem 0x87f1c018-0x87f2b057] usable ==> usable
[    0.000000] extended physical RAM map:
[    0.000000] reserve setup_data: [mem 0x0000000000000000-0x000000000009dfff] usable
[    0.000000] reserve setup_data: [mem 0x000000000009e000-0x000000000009efff] reserved
[    0.000000] reserve setup_data: [mem 0x000000000009f000-0x000000000009ffff] usable
[    0.000000] reserve setup_data: [mem 0x00000000000a0000-0x00000000000fffff] reserved
[    0.000000] reserve setup_data: [mem 0x0000000000100000-0x0000000085983fff] usable
[    0.000000] reserve setup_data: [mem 0x0000000085984000-0x0000000085984fff] reserved
[    0.000000] reserve setup_data: [mem 0x0000000085985000-0x0000000087f1c017] usable
[    0.000000] reserve setup_data: [mem 0x0000000087f1c018-0x0000000087f2b057] usable
[    0.000000] reserve setup_data: [mem 0x0000000087f2b058-0x0000000087f2c017] usable
[    0.000000] reserve setup_data: [mem 0x0000000087f2c018-0x0000000087f52857] usable
[    0.000000] reserve setup_data: [mem 0x0000000087f52858-0x0000000095db4fff] usable
[    0.000000] reserve setup_data: [mem 0x0000000095db5000-0x00000000982b4fff] reserved
[    0.000000] reserve setup_data: [mem 0x00000000982b5000-0x0000000098534fff] ACPI data
[    0.000000] reserve setup_data: [mem 0x0000000098535000-0x00000000986fefff] ACPI NVS
[    0.000000] reserve setup_data: [mem 0x00000000986ff000-0x0000000099ffefff] reserved
[    0.000000] reserve setup_data: [mem 0x0000000099fff000-0x0000000099ffffff] usable
[    0.000000] reserve setup_data: [mem 0x000000009a000000-0x000000009dffffff] reserved
[    0.000000] reserve setup_data: [mem 0x000000009ee00000-0x000000009fffffff] reserved
[    0.000000] reserve setup_data: [mem 0x00000000e0000000-0x00000000efffffff] reserved
[    0.000000] reserve setup_data: [mem 0x00000000fe000000-0x00000000fe010fff] reserved
[    0.000000] reserve setup_data: [mem 0x00000000fec00000-0x00000000fec00fff] reserved
[    0.000000] reserve setup_data: [mem 0x00000000fed00000-0x00000000fed00fff] reserved
[    0.000000] reserve setup_data: [mem 0x00000000fed20000-0x00000000fed7ffff] reserved
[    0.000000] reserve setup_data: [mem 0x00000000fee00000-0x00000000fee00fff] reserved
[    0.000000] reserve setup_data: [mem 0x00000000ff000000-0x00000000ffffffff] reserved
[    0.000000] reserve setup_data: [mem 0x0000000100000000-0x000000105fffffff] usable
[    0.000000] efi: EFI v2.7 by American Megatrends
[    0.000000] efi: ACPI=0x98534000 ACPI 2.0=0x98534014 TPMFinalLog=0x9864b000 SMBIOS=0x99d60000 SMBIOS 3.0=0x99d5f000 MEMATTR=0x93810018 ESRT=0x943d8a98 RNG=0x984cbf18 INITRD=0x87f5d998 TPMEventLog=0x984b4018 
[    0.000000] random: crng init done
[    0.000000] efi: Remove mem66: MMIO range=[0xe0000000-0xefffffff] (256MB) from e820 map
[    0.000000] e820: remove [mem 0xe0000000-0xefffffff] reserved
[    0.000000] efi: Not removing mem67: MMIO range=[0xfe000000-0xfe010fff] (68KB) from e820 map
[    0.000000] efi: Not removing mem68: MMIO range=[0xfec00000-0xfec00fff] (4KB) from e820 map
[    0.000000] efi: Not removing mem69: MMIO range=[0xfed00000-0xfed00fff] (4KB) from e820 map
[    0.000000] efi: Not removing mem71: MMIO range=[0xfee00000-0xfee00fff] (4KB) from e820 map
[    0.000000] efi: Remove mem72: MMIO range=[0xff000000-0xffffffff] (16MB) from e820 map
[    0.000000] e820: remove [mem 0xff000000-0xffffffff] reserved
[    0.000000] SMBIOS 3.3.0 present.
[    0.000000] DMI: ASUSTeK COMPUTER INC. ROG Strix G15CE_G15CE/G15CE, BIOS G15CE.216 10/18/2022
[    0.000000] DMI: Memory slots populated: 4/4
[    0.000000] tsc: Detected 2500.000 MHz processor
[    0.000000] tsc: Detected 2496.000 MHz TSC
[    0.001326] e820: update [mem 0x00000000-0x00000fff] usable ==> reserved
[    0.001327] e820: remove [mem 0x000a0000-0x000fffff] usable
[    0.001334] last_pfn = 0x1060000 max_arch_pfn = 0x400000000
[    0.001337] MTRR map: 5 entries (3 fixed + 2 variable; max 23), built from 10 variable MTRRs
[    0.001338] x86/PAT: Configuration [0-7]: WB  WC  UC- UC  WB  WP  UC- WT  
[    0.001703] last_pfn = 0x9a000 max_arch_pfn = 0x400000000
[    0.009638] esrt: Reserving ESRT space from 0x00000000943d8a98 to 0x00000000943d8ad0.
[    0.009642] e820: update [mem 0x943d8000-0x943d8fff] usable ==> reserved
[    0.009654] Using GB pages for direct mapping
[    0.009962] Secure boot disabled
[    0.009963] RAMDISK: [mem 0x84572000-0x85983fff]
[    0.009966] ACPI: Early table checksum verification disabled
[    0.009968] ACPI: RSDP 0x0000000098534014 000024 (v02 _ASUS_)
[    0.009970] ACPI: XSDT 0x0000000098533728 0000EC (v01 _ASUS_ Desktop  01072009 AMI  01000013)
[    0.009974] ACPI: FACP 0x0000000098531000 000114 (v06 _ASUS_ Desktop  01072009 AMI  01000013)
[    0.009978] ACPI: DSDT 0x00000000984E0000 0501C4 (v02 _ASUS_ Desktop  01072009 INTL 20180209)
[    0.009980] ACPI: FACS 0x00000000986FD000 000040
[    0.009981] ACPI: MCFG 0x0000000098532000 00003C (v01 _ASUS_ Desktop  01072009 MSFT 00000097)
[    0.009983] ACPI: FIDT 0x00000000984DF000 00009C (v01 _ASUS_ Desktop  01072009 AMI  00010013)
[    0.009985] ACPI: MSDM 0x00000000984DE000 000055 (v01 _ASUS_ Desktop  00000001 MSFT 00000000)
[    0.009987] ACPI: SSDT 0x00000000984DB000 0025E8 (v02 CpuRef CpuSsdt  00003000 INTL 20180209)
[    0.009989] ACPI: SSDT 0x00000000984D6000 00445E (v02 SaSsdt SaSsdt   00003000 INTL 20180209)
[    0.009990] ACPI: SSDT 0x00000000984D2000 0032CD (v02 INTEL  IgfxSsdt 00003000 INTL 20180209)
[    0.009992] ACPI: HPET 0x00000000984D1000 000038 (v01 _ASUS_ Desktop  01072009 AMI  01000013)
[    0.009994] ACPI: APIC 0x00000000984D0000 000164 (v04 _ASUS_ Desktop  01072009 AMI  01000013)
[    0.009996] ACPI: SSDT 0x00000000984CF000 000E66 (v02 _ASUS_ Ther_Rvp 00001000 INTL 20180209)
[    0.009998] ACPI: SSDT 0x00000000984CD000 0017E5 (v02 INTEL  xh_rksu4 00000000 INTL 20180209)
[    0.010000] ACPI: NHLT 0x00000000984CC000 00002D (v00 _ASUS_ Desktop  01072009 AMI  01000013)
[    0.010002] ACPI: LPIT 0x00000000984CA000 0000CC (v01 _ASUS_ Desktop  01072009 AMI  01000013)
[    0.010004] ACPI: SSDT 0x00000000984C8000 000DBC (v02 _ASUS_ TbtTypeC 00000000 INTL 20180209)
[    0.010006] ACPI: SSDT 0x00000000984C5000 002720 (v02 _ASUS_ PtidDevc 00001000 INTL 20180209)
[    0.010008] ACPI: DBGP 0x00000000984C4000 000034 (v01 _ASUS_ Desktop  01072009 AMI  01000013)
[    0.010010] ACPI: DBG2 0x00000000984C3000 000054 (v00 _ASUS_ Desktop  01072009 AMI  01000013)
[    0.010011] ACPI: SSDT 0x00000000984C2000 0006E3 (v02 _ASUS_ UsbCTabl 00001000 INTL 20180209)
[    0.010013] ACPI: DMAR 0x00000000984C1000 000050 (v02 INTEL  EDK2     00000002      01000013)
[    0.010015] ACPI: SSDT 0x00000000984C0000 000144 (v02 Intel  ADebTabl 00001000 INTL 20180209)
[    0.010017] ACPI: BGRT 0x00000000984BF000 000038 (v01 _ASUS_ Desktop  01072009 AMI  00010013)
[    0.010019] ACPI: TPM2 0x00000000984BE000 00004C (v04 _ASUS_ Desktop  00000001 AMI  00000000)
[    0.010020] ACPI: PTDT 0x00000000984BD000 000CF0 (v00 _ASUS_ Desktop  00000005 MSFT 0100000D)
[    0.010022] ACPI: WSMT 0x00000000984C9000 000028 (v01 _ASUS_ Desktop  01072009 AMI  00010013)
[    0.010024] ACPI: FPDT 0x00000000984BC000 000044 (v01 _ASUS_ RKL      01072009 AMI  01000013)
[    0.010025] ACPI: Reserving FACP table memory at [mem 0x98531000-0x98531113]
[    0.010026] ACPI: Reserving DSDT table memory at [mem 0x984e0000-0x985301c3]
[    0.010027] ACPI: Reserving FACS table memory at [mem 0x986fd000-0x986fd03f]
[    0.010027] ACPI: Reserving MCFG table memory at [mem 0x98532000-0x9853203b]
[    0.010028] ACPI: Reserving FIDT table memory at [mem 0x984df000-0x984df09b]
[    0.010028] ACPI: Reserving MSDM table memory at [mem 0x984de000-0x984de054]
[    0.010029] ACPI: Reserving SSDT table memory at [mem 0x984db000-0x984dd5e7]
[    0.010029] ACPI: Reserving SSDT table memory at [mem 0x984d6000-0x984da45d]
[    0.010029] ACPI: Reserving SSDT table memory at [mem 0x984d2000-0x984d52cc]
[    0.010030] ACPI: Reserving HPET table memory at [mem 0x984d1000-0x984d1037]
[    0.010030] ACPI: Reserving APIC table memory at [mem 0x984d0000-0x984d0163]
[    0.010031] ACPI: Reserving SSDT table memory at [mem 0x984cf000-0x984cfe65]
[    0.010031] ACPI: Reserving SSDT table memory at [mem 0x984cd000-0x984ce7e4]
[    0.010032] ACPI: Reserving NHLT table memory at [mem 0x984cc000-0x984cc02c]
[    0.010032] ACPI: Reserving LPIT table memory at [mem 0x984ca000-0x984ca0cb]
[    0.010032] ACPI: Reserving SSDT table memory at [mem 0x984c8000-0x984c8dbb]
[    0.010033] ACPI: Reserving SSDT table memory at [mem 0x984c5000-0x984c771f]
[    0.010033] ACPI: Reserving DBGP table memory at [mem 0x984c4000-0x984c4033]
[    0.010034] ACPI: Reserving DBG2 table memory at [mem 0x984c3000-0x984c3053]
[    0.010034] ACPI: Reserving SSDT table memory at [mem 0x984c2000-0x984c26e2]
[    0.010034] ACPI: Reserving DMAR table memory at [mem 0x984c1000-0x984c104f]
[    0.010035] ACPI: Reserving SSDT table memory at [mem 0x984c0000-0x984c0143]
[    0.010035] ACPI: Reserving BGRT table memory at [mem 0x984bf000-0x984bf037]
[    0.010036] ACPI: Reserving TPM2 table memory at [mem 0x984be000-0x984be04b]
[    0.010036] ACPI: Reserving PTDT table memory at [mem 0x984bd000-0x984bdcef]
[    0.010037] ACPI: Reserving WSMT table memory at [mem 0x984c9000-0x984c9027]
[    0.010037] ACPI: Reserving FPDT table memory at [mem 0x984bc000-0x984bc043]
[    0.010209] No NUMA configuration found
[    0.010210] Faking a node at [mem 0x0000000000000000-0x000000105fffffff]
[    0.010212] NODE_DATA(0) allocated [mem 0x105fffa8c0-0x105ffffdff]
[    0.010263] Zone ranges:
[    0.010264]   DMA      [mem 0x0000000000001000-0x0000000000ffffff]
[    0.010265]   DMA32    [mem 0x0000000001000000-0x00000000ffffffff]
[    0.010266]   Normal   [mem 0x0000000100000000-0x000000105fffffff]
[    0.010266]   Device   empty
[    0.010267] Movable zone start for each node
[    0.010267] Early memory node ranges
[    0.010268]   node   0: [mem 0x0000000000001000-0x000000000009dfff]
[    0.010268]   node   0: [mem 0x000000000009f000-0x000000000009ffff]
[    0.010269]   node   0: [mem 0x0000000000100000-0x0000000085983fff]
[    0.010270]   node   0: [mem 0x0000000085985000-0x0000000095db4fff]
[    0.010270]   node   0: [mem 0x0000000099fff000-0x0000000099ffffff]
[    0.010271]   node   0: [mem 0x0000000100000000-0x000000105fffffff]
[    0.010274] Initmem setup node 0 [mem 0x0000000000001000-0x000000105fffffff]
[    0.010278] On node 0, zone DMA: 1 pages in unavailable ranges
[    0.010279] On node 0, zone DMA: 1 pages in unavailable ranges
[    0.010291] On node 0, zone DMA: 96 pages in unavailable ranges
[    0.012608] On node 0, zone DMA32: 1 pages in unavailable ranges
[    0.012694] On node 0, zone DMA32: 16970 pages in unavailable ranges
[    0.077542] On node 0, zone Normal: 24576 pages in unavailable ranges
[    0.077935] ACPI: PM-Timer IO Port: 0x1808
[    0.077942] ACPI: LAPIC_NMI (acpi_id[0x01] high edge lint[0x1])
[    0.077943] ACPI: LAPIC_NMI (acpi_id[0x02] high edge lint[0x1])
[    0.077944] ACPI: LAPIC_NMI (acpi_id[0x03] high edge lint[0x1])
[    0.077944] ACPI: LAPIC_NMI (acpi_id[0x04] high edge lint[0x1])
[    0.077945] ACPI: LAPIC_NMI (acpi_id[0x05] high edge lint[0x1])
[    0.077945] ACPI: LAPIC_NMI (acpi_id[0x06] high edge lint[0x1])
[    0.077945] ACPI: LAPIC_NMI (acpi_id[0x07] high edge lint[0x1])
[    0.077946] ACPI: LAPIC_NMI (acpi_id[0x08] high edge lint[0x1])
[    0.077946] ACPI: LAPIC_NMI (acpi_id[0x09] high edge lint[0x1])
[    0.077946] ACPI: LAPIC_NMI (acpi_id[0x0a] high edge lint[0x1])
[    0.077947] ACPI: LAPIC_NMI (acpi_id[0x0b] high edge lint[0x1])
[    0.077947] ACPI: LAPIC_NMI (acpi_id[0x0c] high edge lint[0x1])
[    0.077948] ACPI: LAPIC_NMI (acpi_id[0x0d] high edge lint[0x1])
[    0.077948] ACPI: LAPIC_NMI (acpi_id[0x0e] high edge lint[0x1])
[    0.077948] ACPI: LAPIC_NMI (acpi_id[0x0f] high edge lint[0x1])
[    0.077949] ACPI: LAPIC_NMI (acpi_id[0x10] high edge lint[0x1])
[    0.077949] ACPI: LAPIC_NMI (acpi_id[0x11] high edge lint[0x1])
[    0.077950] ACPI: LAPIC_NMI (acpi_id[0x12] high edge lint[0x1])
[    0.077950] ACPI: LAPIC_NMI (acpi_id[0x13] high edge lint[0x1])
[    0.077950] ACPI: LAPIC_NMI (acpi_id[0x14] high edge lint[0x1])
[    0.077986] IOAPIC[0]: apic_id 2, version 32, address 0xfec00000, GSI 0-119
[    0.077988] ACPI: INT_SRC_OVR (bus 0 bus_irq 0 global_irq 2 dfl dfl)
[    0.077989] ACPI: INT_SRC_OVR (bus 0 bus_irq 9 global_irq 9 high level)
[    0.077992] ACPI: Using ACPI (MADT) for SMP configuration information
[    0.077993] ACPI: HPET id: 0x8086a201 base: 0xfed00000
[    0.077999] e820: update [mem 0x90c60000-0x90d53fff] usable ==> reserved
[    0.078010] TSC deadline timer available
[    0.078012] CPU topo: Max. logical packages:   1
[    0.078013] CPU topo: Max. logical dies:       1
[    0.078013] CPU topo: Max. dies per package:   1
[    0.078016] CPU topo: Max. threads per core:   2
[    0.078016] CPU topo: Num. cores per package:     8
[    0.078016] CPU topo: Num. threads per package:  16
[    0.078017] CPU topo: Allowing 16 present CPUs plus 0 hotplug CPUs
[    0.078028] PM: hibernation: Registered nosave memory: [mem 0x00000000-0x00000fff]
[    0.078030] PM: hibernation: Registered nosave memory: [mem 0x0009e000-0x0009efff]
[    0.078031] PM: hibernation: Registered nosave memory: [mem 0x000a0000-0x000fffff]
[    0.078032] PM: hibernation: Registered nosave memory: [mem 0x85984000-0x85984fff]
[    0.078033] PM: hibernation: Registered nosave memory: [mem 0x90c60000-0x90d53fff]
[    0.078033] PM: hibernation: Registered nosave memory: [mem 0x943d8000-0x943d8fff]
[    0.078034] PM: hibernation: Registered nosave memory: [mem 0x95db5000-0x99ffefff]
[    0.078035] PM: hibernation: Registered nosave memory: [mem 0x9a000000-0xffffffff]
[    0.078036] [mem 0xa0000000-0xfdffffff] available for PCI devices
[    0.078037] Booting paravirtualized kernel on bare hardware
[    0.078039] clocksource: refined-jiffies: mask: 0xffffffff max_cycles: 0xffffffff, max_idle_ns: 1910969940391419 ns
[    0.081684] setup_percpu: NR_CPUS:384 nr_cpumask_bits:16 nr_cpu_ids:16 nr_node_ids:1
[    0.082361] percpu: Embedded 116 pages/cpu s294912 r65536 d114688 u524288
[    0.082365] pcpu-alloc: s294912 r65536 d114688 u524288 alloc=1*2097152
[    0.082366] pcpu-alloc: [0] 00 01 02 03 [0] 04 05 06 07 
[    0.082369] pcpu-alloc: [0] 08 09 10 11 [0] 12 13 14 15 
[    0.082381] Kernel command line: initrd=\EFI\nixos\8wd0m80hxlhancr4qrl3yhblmcks08sn-initrd-linux-6.12.28-initrd.efi init=/nix/store/8ifvjqgavfsx6lpqzm2c35yyiqxqqjr7-nixos-system-plo-25.05.20250510.d89fc19/init nvidia-drm.modeset=1 fbdev=1 selinux=0 apparmor=0 loglevel=4 nvidia-drm.modeset=1 nvidia-drm.fbdev=1
[    0.082451] Unknown kernel command line parameters "fbdev=1", will be passed to user space.
[    0.086677] Dentry cache hash table entries: 8388608 (order: 14, 67108864 bytes, linear)
[    0.088776] Inode-cache hash table entries: 4194304 (order: 13, 33554432 bytes, linear)
[    0.088937] Fallback order for Node 0: 0 
[    0.088940] Built 1 zonelists, mobility grouping on.  Total pages: 16735571
[    0.088941] Policy zone: Normal
[    0.089097] mem auto-init: stack:all(zero), heap alloc:on, heap free:off
[    0.089103] software IO TLB: area num 16.
[    0.187360] SLUB: HWalign=64, Order=0-3, MinObjects=0, CPUs=16, Nodes=1
[    0.196390] allocated 134217728 bytes of page_ext
[    0.196409] ftrace: allocating 46078 entries in 180 pages
[    0.201942] ftrace: allocated 180 pages with 4 groups
[    0.202487] Dynamic Preempt: voluntary
[    0.202561] rcu: Preemptible hierarchical RCU implementation.
[    0.202561] rcu: 	RCU event tracing is enabled.
[    0.202562] rcu: 	RCU restricting CPUs from NR_CPUS=384 to nr_cpu_ids=16.
[    0.202563] 	Trampoline variant of Tasks RCU enabled.
[    0.202563] 	Rude variant of Tasks RCU enabled.
[    0.202563] 	Tracing variant of Tasks RCU enabled.
[    0.202564] rcu: RCU calculated value of scheduler-enlistment delay is 100 jiffies.
[    0.202564] rcu: Adjusting geometry for rcu_fanout_leaf=16, nr_cpu_ids=16
[    0.202573] RCU Tasks: Setting shift to 4 and lim to 1 rcu_task_cb_adjust=1 rcu_task_cpu_ids=16.
[    0.202574] RCU Tasks Rude: Setting shift to 4 and lim to 1 rcu_task_cb_adjust=1 rcu_task_cpu_ids=16.
[    0.202576] RCU Tasks Trace: Setting shift to 4 and lim to 1 rcu_task_cb_adjust=1 rcu_task_cpu_ids=16.
[    0.205507] NR_IRQS: 24832, nr_irqs: 2184, preallocated irqs: 16
[    0.205810] rcu: srcu_init: Setting srcu_struct sizes based on contention.
[    0.206054] kfence: initialized - using 2097152 bytes for 255 objects at 0x(____ptrval____)-0x(____ptrval____)
[    0.206085] Console: colour dummy device 80x25
[    0.206087] printk: legacy console [tty0] enabled
[    0.206119] ACPI: Core revision 20240827
[    0.206470] clocksource: hpet: mask: 0xffffffff max_cycles: 0xffffffff, max_idle_ns: 79635855245 ns
[    0.206573] APIC: Switch to symmetric I/O mode setup
[    0.206575] DMAR: Host address width 39
[    0.206575] DMAR: DRHD base: 0x000000fed91000 flags: 0x1
[    0.206582] DMAR: dmar0: reg_base_addr fed91000 ver 1:0 cap d2008c40660462 ecap f050da
[    0.206585] DMAR-IR: IOAPIC id 2 under DRHD base  0xfed91000 IOMMU 0
[    0.206586] DMAR-IR: HPET id 0 under DRHD base 0xfed91000
[    0.206587] DMAR-IR: Queued invalidation will be enabled to support x2apic and Intr-remapping.
[    0.208053] DMAR-IR: Enabled IRQ remapping in x2apic mode
[    0.208055] x2apic enabled
[    0.208112] APIC: Switched APIC routing to: cluster x2apic
[    0.212523] ..TIMER: vector=0x30 apic1=0 pin1=2 apic2=-1 pin2=-1
[    0.217541] clocksource: tsc-early: mask: 0xffffffffffffffff max_cycles: 0x23fa772cf26, max_idle_ns: 440795269835 ns
[    0.217544] Calibrating delay loop (skipped), value calculated using timer frequency.. 4992.00 BogoMIPS (lpj=2496000)
[    0.217568] CPU0: Thermal monitoring enabled (TM1)
[    0.217569] x86/cpu: User Mode Instruction Prevention (UMIP) activated
[    0.217639] Last level iTLB entries: 4KB 0, 2MB 0, 4MB 0
[    0.217640] Last level dTLB entries: 4KB 0, 2MB 0, 4MB 0, 1GB 0
[    0.217642] process: using mwait in idle threads
[    0.217644] Spectre V1 : Mitigation: usercopy/swapgs barriers and __user pointer sanitization
[    0.217646] Spectre V2 : Spectre BHI mitigation: SW BHB clearing on syscall and VM exit
[    0.217647] Spectre V2 : Mitigation: Enhanced / Automatic IBRS
[    0.217647] Spectre V2 : Spectre v2 / PBRSB-eIBRS: Retire a single CALL on VMEXIT
[    0.217648] RETBleed: Mitigation: Enhanced IBRS
[    0.217649] Spectre V2 : mitigation: Enabling conditional Indirect Branch Prediction Barrier
[    0.217650] Speculative Store Bypass: Mitigation: Speculative Store Bypass disabled via prctl
[    0.217653] MMIO Stale Data: Mitigation: Clear CPU buffers
[    0.217655] GDS: Mitigation: Microcode
[    0.217660] x86/fpu: Supporting XSAVE feature 0x001: 'x87 floating point registers'
[    0.217661] x86/fpu: Supporting XSAVE feature 0x002: 'SSE registers'
[    0.217662] x86/fpu: Supporting XSAVE feature 0x004: 'AVX registers'
[    0.217662] x86/fpu: Supporting XSAVE feature 0x008: 'MPX bounds registers'
[    0.217663] x86/fpu: Supporting XSAVE feature 0x010: 'MPX CSR'
[    0.217663] x86/fpu: Supporting XSAVE feature 0x020: 'AVX-512 opmask'
[    0.217664] x86/fpu: Supporting XSAVE feature 0x040: 'AVX-512 Hi256'
[    0.217664] x86/fpu: Supporting XSAVE feature 0x080: 'AVX-512 ZMM_Hi256'
[    0.217665] x86/fpu: Supporting XSAVE feature 0x200: 'Protection Keys User registers'
[    0.217666] x86/fpu: xstate_offset[2]:  576, xstate_sizes[2]:  256
[    0.217667] x86/fpu: xstate_offset[3]:  832, xstate_sizes[3]:   64
[    0.217667] x86/fpu: xstate_offset[4]:  896, xstate_sizes[4]:   64
[    0.217668] x86/fpu: xstate_offset[5]:  960, xstate_sizes[5]:   64
[    0.217669] x86/fpu: xstate_offset[6]: 1024, xstate_sizes[6]:  512
[    0.217669] x86/fpu: xstate_offset[7]: 1536, xstate_sizes[7]: 1024
[    0.217670] x86/fpu: xstate_offset[9]: 2560, xstate_sizes[9]:    8
[    0.217671] x86/fpu: Enabled xstate features 0x2ff, context size is 2568 bytes, using 'compacted' format.
[    0.232616] Freeing SMP alternatives memory: 40K
[    0.232618] pid_max: default: 32768 minimum: 301
[    0.234595] LSM: initializing lsm=capability,landlock,yama,bpf
[    0.234641] landlock: Up and running.
[    0.234641] Yama: becoming mindful.
[    0.234741] LSM support for eBPF active
[    0.234814] Mount-cache hash table entries: 131072 (order: 8, 1048576 bytes, linear)
[    0.234869] Mountpoint-cache hash table entries: 131072 (order: 8, 1048576 bytes, linear)
[    0.235599] smpboot: CPU0: 11th Gen Intel(R) Core(TM) i7-11700F @ 2.50GHz (family: 0x6, model: 0xa7, stepping: 0x1)
[    0.235730] Performance Events: PEBS fmt4+-baseline,  AnyThread deprecated, Icelake events, 32-deep LBR, full-width counters, Intel PMU driver.
[    0.235752] ... version:                5
[    0.235753] ... bit width:              48
[    0.235753] ... generic registers:      8
[    0.235753] ... value mask:             0000ffffffffffff
[    0.235754] ... max period:             00007fffffffffff
[    0.235755] ... fixed-purpose events:   4
[    0.235755] ... event mask:             0001000f000000ff
[    0.235829] signal: max sigframe size: 3632
[    0.235838] Estimated ratio of average max frequency by base frequency (times 1024): 1925
[    0.236759] rcu: Hierarchical SRCU implementation.
[    0.236760] rcu: 	Max phase no-delay instances is 400.
[    0.236782] Timer migration: 2 hierarchy levels; 8 children per group; 2 crossnode level
[    0.237383] NMI watchdog: Enabled. Permanently consumes one hw-PMU counter.
[    0.237459] smp: Bringing up secondary CPUs ...
[    0.237519] smpboot: x86: Booting SMP configuration:
[    0.237520] .... node  #0, CPUs:        #1  #2  #3  #4  #5  #6  #7  #8  #9 #10 #11 #12 #13 #14 #15
[    0.242776] MMIO Stale Data CPU bug present and SMT on, data leak possible. See https://www.kernel.org/doc/html/latest/admin-guide/hw-vuln/processor_mmio_stale_data.html for more details.
[    0.243573] smp: Brought up 1 node, 16 CPUs
[    0.243573] smpboot: Total of 16 processors activated (79872.00 BogoMIPS)
[    0.244629] Memory: 65489164K/66942284K available (16384K kernel code, 2627K rwdata, 12948K rodata, 3412K init, 3404K bss, 1290696K reserved, 0K cma-reserved)
[    0.245592] devtmpfs: initialized
[    0.245592] x86/mm: Memory block size: 2048MB
[    0.246064] ACPI: PM: Registering ACPI NVS region [mem 0x98535000-0x986fefff] (1875968 bytes)
[    0.246064] clocksource: jiffies: mask: 0xffffffff max_cycles: 0xffffffff, max_idle_ns: 1911260446275000 ns
[    0.246064] futex hash table entries: 4096 (order: 6, 262144 bytes, linear)
[    0.246064] pinctrl core: initialized pinctrl subsystem
[    0.246545] PM: RTC time: 13:14:45, date: 2025-05-12
[    0.246849] NET: Registered PF_NETLINK/PF_ROUTE protocol family
[    0.247127] DMA: preallocated 4096 KiB GFP_KERNEL pool for atomic allocations
[    0.247333] DMA: preallocated 4096 KiB GFP_KERNEL|GFP_DMA pool for atomic allocations
[    0.247553] DMA: preallocated 4096 KiB GFP_KERNEL|GFP_DMA32 pool for atomic allocations
[    0.247559] audit: initializing netlink subsys (disabled)
[    0.247564] audit: type=2000 audit(1747055685.037:1): state=initialized audit_enabled=0 res=1
[    0.247612] thermal_sys: Registered thermal governor 'bang_bang'
[    0.247613] thermal_sys: Registered thermal governor 'step_wise'
[    0.247614] thermal_sys: Registered thermal governor 'user_space'
[    0.247620] cpuidle: using governor menu
[    0.247649] ACPI FADT declares the system doesn't support PCIe ASPM, so disable it
[    0.247649] acpiphp: ACPI Hot Plug PCI Controller Driver version: 0.5
[    0.247649] PCI: ECAM [mem 0xe0000000-0xefffffff] (base 0xe0000000) for domain 0000 [bus 00-ff]
[    0.247649] PCI: Using configuration type 1 for base access
[    0.247729] kprobes: kprobe jump-optimization is enabled. All kprobes are optimized if possible.
[    0.252886] HugeTLB: registered 1.00 GiB page size, pre-allocated 0 pages
[    0.252886] HugeTLB: 16380 KiB vmemmap can be freed for a 1.00 GiB page
[    0.252886] HugeTLB: registered 2.00 MiB page size, pre-allocated 0 pages
[    0.252886] HugeTLB: 28 KiB vmemmap can be freed for a 2.00 MiB page
[    0.255065] ACPI: Added _OSI(Module Device)
[    0.255065] ACPI: Added _OSI(Processor Device)
[    0.255065] ACPI: Added _OSI(3.0 _SCP Extensions)
[    0.255065] ACPI: Added _OSI(Processor Aggregator Device)
[    0.292659] ACPI BIOS Error (bug): Could not resolve symbol [\TBTS], AE_NOT_FOUND (20240827/psargs-332)
[    0.292668] fbcon: Taking over console
[    0.293543] ACPI: Ignoring error and continuing table load
[    0.293543] ACPI Error: Skipping While/If block (20240827/psloop-426)
[    0.293543] ACPI BIOS Error (bug): Could not resolve symbol [\TBTS], AE_NOT_FOUND (20240827/psargs-332)
[    0.293543] ACPI: Ignoring error and continuing table load
[    0.293543] ACPI Error: Skipping While/If block (20240827/psloop-426)
[    0.293554] ACPI: 10 ACPI AML tables successfully acquired and loaded
[    0.297789] ACPI: Dynamic OEM Table Load:
[    0.297795] ACPI: SSDT 0xFFFF91488AECA400 000394 (v02 PmRef  Cpu0Cst  00003001 INTL 20180209)
[    0.298376] ACPI: Dynamic OEM Table Load:
[    0.298380] ACPI: SSDT 0xFFFF91488AF4A800 000560 (v02 PmRef  Cpu0Ist  00003000 INTL 20180209)
[    0.298968] ACPI: Dynamic OEM Table Load:
[    0.298972] ACPI: SSDT 0xFFFF914889566800 0001CB (v02 PmRef  Cpu0Psd  00003000 INTL 20180209)
[    0.299510] ACPI: Dynamic OEM Table Load:
[    0.299513] ACPI: SSDT 0xFFFF91488AECD800 0002F4 (v02 PmRef  Cpu0Hwp  00003000 INTL 20180209)
[    0.300194] ACPI: Dynamic OEM Table Load:
[    0.300199] ACPI: SSDT 0xFFFF91488AF50000 0008E7 (v02 PmRef  ApIst    00003000 INTL 20180209)
[    0.300849] ACPI: Dynamic OEM Table Load:
[    0.300852] ACPI: SSDT 0xFFFF91488AF4F800 00048A (v02 PmRef  ApHwp    00003000 INTL 20180209)
[    0.301455] ACPI: Dynamic OEM Table Load:
[    0.301459] ACPI: SSDT 0xFFFF91488AF4E800 0004D4 (v02 PmRef  ApPsd    00003000 INTL 20180209)
[    0.302064] ACPI: Dynamic OEM Table Load:
[    0.302067] ACPI: SSDT 0xFFFF91488AF49800 00048A (v02 PmRef  ApCst    00003000 INTL 20180209)
[    0.306384] ACPI: Interpreter enabled
[    0.306418] ACPI: PM: (supports S0 S3 S4 S5)
[    0.306419] ACPI: Using IOAPIC for interrupt routing
[    0.306448] PCI: Using host bridge windows from ACPI; if necessary, use "pci=nocrs" and report a bug
[    0.306448] PCI: Using E820 reservations for host bridge windows
[    0.306775] ACPI: Enabled 6 GPEs in block 00 to 7F
[    0.316952] ACPI: \_SB_.PC00.XHCI.RHUB.HS14.BTRT: New power resource
[    0.323887] ACPI: \_SB_.PC00.CNVW.WRST: New power resource
[    0.324048] ACPI: \_SB_.PC00.SAT0.VOL0.V0PR: New power resource
[    0.324118] ACPI: \_SB_.PC00.SAT0.VOL1.V1PR: New power resource
[    0.324182] ACPI: \_SB_.PC00.SAT0.VOL2.V2PR: New power resource
[    0.327958] ACPI: \_TZ_.FN00: New power resource
[    0.327993] ACPI: \_TZ_.FN01: New power resource
[    0.328025] ACPI: \_TZ_.FN02: New power resource
[    0.328056] ACPI: \_TZ_.FN03: New power resource
[    0.328088] ACPI: \_TZ_.FN04: New power resource
[    0.328443] ACPI: \PIN_: New power resource
[    0.328669] ACPI: PCI Root Bridge [PC00] (domain 0000 [bus 00-fe])
[    0.328673] acpi PNP0A08:00: _OSC: OS supports [ExtendedConfig ASPM ClockPM Segments MSI HPX-Type3]
[    0.328730] acpi PNP0A08:00: _OSC: platform does not support [PCIeHotplug PME]
[    0.328828] acpi PNP0A08:00: _OSC: OS now controls [PCIeCapability LTR]
[    0.328828] acpi PNP0A08:00: FADT indicates ASPM is unsupported, using BIOS configuration
[    0.330854] PCI host bridge to bus 0000:00
[    0.330856] pci_bus 0000:00: root bus resource [io  0x0000-0x0cf7 window]
[    0.330858] pci_bus 0000:00: root bus resource [io  0x0d00-0xffff window]
[    0.330859] pci_bus 0000:00: root bus resource [mem 0x000a0000-0x000bffff window]
[    0.330860] pci_bus 0000:00: root bus resource [mem 0x000e0000-0x000effff window]
[    0.330860] pci_bus 0000:00: root bus resource [mem 0xa0000000-0xdfffffff window]
[    0.330861] pci_bus 0000:00: root bus resource [mem 0x4000000000-0x7fffffffff window]
[    0.330862] pci_bus 0000:00: root bus resource [bus 00-fe]
[    0.330888] pci 0000:00:00.0: [8086:4c43] type 00 class 0x060000 conventional PCI endpoint
[    0.330971] pci 0000:00:01.0: [8086:4c01] type 01 class 0x060400 PCIe Root Port
[    0.330986] pci 0000:00:01.0: PCI bridge to [bus 01]
[    0.330989] pci 0000:00:01.0:   bridge window [io  0x5000-0x5fff]
[    0.330991] pci 0000:00:01.0:   bridge window [mem 0xa0000000-0xa10fffff]
[    0.330996] pci 0000:00:01.0:   bridge window [mem 0x4000000000-0x4201ffffff 64bit pref]
[    0.331044] pci 0000:00:01.0: PME# supported from D0 D3hot D3cold
[    0.331407] pci 0000:00:06.0: [8086:4c09] type 01 class 0x060400 PCIe Root Port
[    0.331422] pci 0000:00:06.0: PCI bridge to [bus 02]
[    0.331426] pci 0000:00:06.0:   bridge window [mem 0xa2800000-0xa28fffff]
[    0.331479] pci 0000:00:06.0: PME# supported from D0 D3hot D3cold
[    0.331830] pci 0000:00:08.0: [8086:4c11] type 00 class 0x088000 conventional PCI endpoint
[    0.331838] pci 0000:00:08.0: BAR 0 [mem 0x4202122000-0x4202122fff 64bit]
[    0.331949] pci 0000:00:14.0: [8086:43ed] type 00 class 0x0c0330 conventional PCI endpoint
[    0.331967] pci 0000:00:14.0: BAR 0 [mem 0x4202100000-0x420210ffff 64bit]
[    0.332038] pci 0000:00:14.0: PME# supported from D3hot D3cold
[    0.333058] pci 0000:00:14.2: [8086:43ef] type 00 class 0x050000 conventional PCI endpoint
[    0.333077] pci 0000:00:14.2: BAR 0 [mem 0x4202118000-0x420211bfff 64bit]
[    0.333089] pci 0000:00:14.2: BAR 2 [mem 0x4202121000-0x4202121fff 64bit]
[    0.333227] pci 0000:00:14.3: [8086:43f0] type 00 class 0x028000 PCIe Root Complex Integrated Endpoint
[    0.333264] pci 0000:00:14.3: BAR 0 [mem 0x4202114000-0x4202117fff 64bit]
[    0.333380] pci 0000:00:14.3: PME# supported from D0 D3hot D3cold
[    0.333662] pci 0000:00:15.0: [8086:43e8] type 00 class 0x0c8000 conventional PCI endpoint
[    0.333690] pci 0000:00:15.0: BAR 0 [mem 0x00000000-0x00000fff 64bit]
[    0.334106] pci 0000:00:15.1: [8086:43e9] type 00 class 0x0c8000 conventional PCI endpoint
[    0.334132] pci 0000:00:15.1: BAR 0 [mem 0x00000000-0x00000fff 64bit]
[    0.334493] pci 0000:00:15.2: [8086:43ea] type 00 class 0x0c8000 conventional PCI endpoint
[    0.334519] pci 0000:00:15.2: BAR 0 [mem 0x00000000-0x00000fff 64bit]
[    0.334858] pci 0000:00:16.0: [8086:43e0] type 00 class 0x078000 conventional PCI endpoint
[    0.334880] pci 0000:00:16.0: BAR 0 [mem 0x420211d000-0x420211dfff 64bit]
[    0.334958] pci 0000:00:16.0: PME# supported from D3hot
[    0.335256] pci 0000:00:17.0: [8086:43d2] type 00 class 0x010601 conventional PCI endpoint
[    0.335269] pci 0000:00:17.0: BAR 0 [mem 0xa2900000-0xa2901fff]
[    0.335277] pci 0000:00:17.0: BAR 1 [mem 0xa2903000-0xa29030ff]
[    0.335284] pci 0000:00:17.0: BAR 2 [io  0x6050-0x6057]
[    0.335292] pci 0000:00:17.0: BAR 3 [io  0x6040-0x6043]
[    0.335299] pci 0000:00:17.0: BAR 4 [io  0x6020-0x603f]
[    0.335307] pci 0000:00:17.0: BAR 5 [mem 0xa2902000-0xa29027ff]
[    0.335348] pci 0000:00:17.0: PME# supported from D3hot
[    0.335683] pci 0000:00:1b.0: [8086:43c4] type 01 class 0x060400 PCIe Root Port
[    0.335710] pci 0000:00:1b.0: PCI bridge to [bus 03]
[    0.335715] pci 0000:00:1b.0:   bridge window [mem 0xa2700000-0xa27fffff]
[    0.335795] pci 0000:00:1b.0: PME# supported from D0 D3hot D3cold
[    0.336202] pci 0000:00:1c.0: [8086:43bc] type 01 class 0x060400 PCIe Root Port
[    0.336227] pci 0000:00:1c.0: PCI bridge to [bus 04]
[    0.336231] pci 0000:00:1c.0:   bridge window [io  0x4000-0x4fff]
[    0.336234] pci 0000:00:1c.0:   bridge window [mem 0xa1b00000-0xa24fffff]
[    0.336295] pci 0000:00:1c.0: PME# supported from D0 D3hot D3cold
[    0.336649] pci 0000:00:1c.6: [8086:43be] type 01 class 0x060400 PCIe Root Port
[    0.336675] pci 0000:00:1c.6: PCI bridge to [bus 05]
[    0.336680] pci 0000:00:1c.6:   bridge window [mem 0xa2500000-0xa26fffff]
[    0.336760] pci 0000:00:1c.6: PME# supported from D0 D3hot D3cold
[    0.337142] pci 0000:00:1d.0: [8086:43b0] type 01 class 0x060400 PCIe Root Port
[    0.337170] pci 0000:00:1d.0: PCI bridge to [bus 06]
[    0.337174] pci 0000:00:1d.0:   bridge window [io  0x3000-0x3fff]
[    0.337176] pci 0000:00:1d.0:   bridge window [mem 0xa1100000-0xa1afffff]
[    0.337243] pci 0000:00:1d.0: PME# supported from D0 D3hot D3cold
[    0.337599] pci 0000:00:1f.0: [8086:4387] type 00 class 0x060100 conventional PCI endpoint
[    0.337840] pci 0000:00:1f.3: [8086:43c8] type 00 class 0x040300 conventional PCI endpoint
[    0.337880] pci 0000:00:1f.3: BAR 0 [mem 0x4202110000-0x4202113fff 64bit]
[    0.337932] pci 0000:00:1f.3: BAR 4 [mem 0x4202000000-0x42020fffff 64bit]
[    0.338032] pci 0000:00:1f.3: PME# supported from D3hot D3cold
[    0.338331] pci 0000:00:1f.4: [8086:43a3] type 00 class 0x0c0500 conventional PCI endpoint
[    0.338353] pci 0000:00:1f.4: BAR 0 [mem 0x420211c000-0x420211c0ff 64bit]
[    0.338380] pci 0000:00:1f.4: BAR 4 [io  0xefa0-0xefbf]
[    0.338536] pci 0000:00:1f.5: [8086:43a4] type 00 class 0x0c8000 conventional PCI endpoint
[    0.338554] pci 0000:00:1f.5: BAR 0 [mem 0xfe010000-0xfe010fff]
[    0.338684] pci 0000:01:00.0: [10de:2488] type 00 class 0x030000 PCIe Legacy Endpoint
[    0.338693] pci 0000:01:00.0: BAR 0 [mem 0xa0000000-0xa0ffffff]
[    0.338701] pci 0000:01:00.0: BAR 1 [mem 0x4000000000-0x41ffffffff 64bit pref]
[    0.338709] pci 0000:01:00.0: BAR 3 [mem 0x4200000000-0x4201ffffff 64bit pref]
[    0.338714] pci 0000:01:00.0: BAR 5 [io  0x5000-0x507f]
[    0.338719] pci 0000:01:00.0: ROM [mem 0xa1000000-0xa107ffff pref]
[    0.338737] pci 0000:01:00.0: Video device with shadowed ROM at [mem 0x000c0000-0x000dffff]
[    0.338772] pci 0000:01:00.0: PME# supported from D0 D3hot
[    0.338896] pci 0000:01:00.1: [10de:228b] type 00 class 0x040300 PCIe Endpoint
[    0.338904] pci 0000:01:00.1: BAR 0 [mem 0xa1080000-0xa1083fff]
[    0.339004] pci 0000:00:01.0: PCI bridge to [bus 01]
[    0.339040] pci 0000:02:00.0: [1344:5405] type 00 class 0x010802 PCIe Endpoint
[    0.339053] pci 0000:02:00.0: BAR 0 [mem 0xa2800000-0xa2803fff 64bit]
[    0.339082] pci 0000:02:00.0: enabling Extended Tags
[    0.339202] pci 0000:00:06.0: PCI bridge to [bus 02]
[    0.339265] pci 0000:03:00.0: [2646:500f] type 00 class 0x010802 PCIe Endpoint
[    0.339291] pci 0000:03:00.0: BAR 0 [mem 0xa2700000-0xa2703fff 64bit]
[    0.339578] pci 0000:00:1b.0: PCI bridge to [bus 03]
[    0.339618] pci 0000:00:1c.0: PCI bridge to [bus 04]
[    0.339690] pci 0000:05:00.0: [8086:15f3] type 00 class 0x020000 PCIe Endpoint
[    0.339708] pci 0000:05:00.0: BAR 0 [mem 0xa2500000-0xa25fffff]
[    0.339732] pci 0000:05:00.0: BAR 3 [mem 0xa2600000-0xa2603fff]
[    0.339860] pci 0000:05:00.0: PME# supported from D0 D3hot D3cold
[    0.340023] pci 0000:00:1c.6: PCI bridge to [bus 05]
[    0.340064] pci 0000:00:1d.0: PCI bridge to [bus 06]
[    0.340972] ACPI: PCI: Interrupt link LNKA configured for IRQ 0
[    0.341032] ACPI: PCI: Interrupt link LNKB configured for IRQ 1
[    0.341091] ACPI: PCI: Interrupt link LNKC configured for IRQ 0
[    0.341150] ACPI: PCI: Interrupt link LNKD configured for IRQ 0
[    0.341209] ACPI: PCI: Interrupt link LNKE configured for IRQ 0
[    0.341267] ACPI: PCI: Interrupt link LNKF configured for IRQ 0
[    0.341325] ACPI: PCI: Interrupt link LNKG configured for IRQ 0
[    0.341384] ACPI: PCI: Interrupt link LNKH configured for IRQ 0
[    0.342458] iommu: Default domain type: Translated
[    0.342459] iommu: DMA domain TLB invalidation policy: lazy mode
[    0.342476] ACPI: bus type USB registered
[    0.342485] usbcore: registered new interface driver usbfs
[    0.342489] usbcore: registered new interface driver hub
[    0.342493] usbcore: registered new device driver usb
[    0.342610] efivars: Registered efivars operations
[    0.342686] NetLabel: Initializing
[    0.342687] NetLabel:  domain hash size = 128
[    0.342688] NetLabel:  protocols = UNLABELED CIPSOv4 CALIPSO
[    0.342700] NetLabel:  unlabeled traffic allowed by default
[    0.342701] PCI: Using ACPI for IRQ routing
[    0.365179] PCI: pci_cache_line_size set to 64 bytes
[    0.365284] pci 0000:00:1f.5: BAR 0 [mem 0xfe010000-0xfe010fff]: can't claim; no compatible bridge window
[    0.365376] e820: reserve RAM buffer [mem 0x0009e000-0x0009ffff]
[    0.365378] e820: reserve RAM buffer [mem 0x85984000-0x87ffffff]
[    0.365378] e820: reserve RAM buffer [mem 0x87f1c018-0x87ffffff]
[    0.365379] e820: reserve RAM buffer [mem 0x87f2c018-0x87ffffff]
[    0.365380] e820: reserve RAM buffer [mem 0x90c60000-0x93ffffff]
[    0.365380] e820: reserve RAM buffer [mem 0x943d8000-0x97ffffff]
[    0.365381] e820: reserve RAM buffer [mem 0x95db5000-0x97ffffff]
[    0.365382] e820: reserve RAM buffer [mem 0x9a000000-0x9bffffff]
[    0.365406] pci 0000:01:00.0: vgaarb: setting as boot VGA device
[    0.365406] pci 0000:01:00.0: vgaarb: bridge control possible
[    0.365406] pci 0000:01:00.0: vgaarb: VGA device added: decodes=io+mem,owns=io+mem,locks=none
[    0.365406] vgaarb: loaded
[    0.365406] hpet0: at MMIO 0xfed00000, IRQs 2, 8, 0, 0, 0, 0, 0, 0
[    0.365406] hpet0: 8 comparators, 64-bit 24.000000 MHz counter
[    0.367560] clocksource: Switched to clocksource tsc-early
[    0.367897] VFS: Disk quotas dquot_6.6.0
[    0.367904] VFS: Dquot-cache hash table entries: 512 (order 0, 4096 bytes)
[    0.367949] pnp: PnP ACPI init
[    0.368079] system 00:00: [io  0x0290-0x029f] has been reserved
[    0.368410] pnp 00:01: [dma 0 disabled]
[    0.368503] system 00:02: [io  0x0680-0x069f] has been reserved
[    0.368504] system 00:02: [io  0x164e-0x164f] has been reserved
[    0.368587] system 00:03: [io  0x1854-0x1857] has been reserved
[    0.368854] system 00:04: [mem 0xfed10000-0xfed17fff] has been reserved
[    0.368855] system 00:04: [mem 0xfeda0000-0xfeda0fff] has been reserved
[    0.368856] system 00:04: [mem 0xfeda1000-0xfeda1fff] has been reserved
[    0.368857] system 00:04: [mem 0xe0000000-0xefffffff] has been reserved
[    0.368859] system 00:04: [mem 0xfed20000-0xfed7ffff] could not be reserved
[    0.368859] system 00:04: [mem 0xfed90000-0xfed93fff] could not be reserved
[    0.368860] system 00:04: [mem 0xfed45000-0xfed8ffff] could not be reserved
[    0.368861] system 00:04: [mem 0xfee00000-0xfeefffff] could not be reserved
[    0.369177] system 00:05: [io  0x1800-0x18fe] could not be reserved
[    0.369178] system 00:05: [mem 0xfe000000-0xfe01ffff] could not be reserved
[    0.369179] system 00:05: [mem 0xfe04c000-0xfe04ffff] has been reserved
[    0.369180] system 00:05: [mem 0xfe050000-0xfe0affff] has been reserved
[    0.369181] system 00:05: [mem 0xfe0d0000-0xfe0fffff] has been reserved
[    0.369182] system 00:05: [mem 0xfe200000-0xfe7fffff] has been reserved
[    0.369183] system 00:05: [mem 0xff000000-0xffffffff] has been reserved
[    0.369184] system 00:05: [mem 0xfd000000-0xfd68ffff] has been reserved
[    0.369185] system 00:05: [mem 0xfd6c0000-0xfd6cffff] has been reserved
[    0.369186] system 00:05: [mem 0xfd6f0000-0xfdffffff] has been reserved
[    0.369394] system 00:06: [io  0x2000-0x20fe] has been reserved
[    0.369832] pnp: PnP ACPI: found 8 devices
[    0.375028] clocksource: acpi_pm: mask: 0xffffff max_cycles: 0xffffff, max_idle_ns: 2085701024 ns
[    0.375071] NET: Registered PF_INET protocol family
[    0.375199] IP idents hash table entries: 262144 (order: 9, 2097152 bytes, linear)
[    0.383067] tcp_listen_portaddr_hash hash table entries: 32768 (order: 7, 524288 bytes, linear)
[    0.383099] Table-perturb hash table entries: 65536 (order: 6, 262144 bytes, linear)
[    0.383330] TCP established hash table entries: 524288 (order: 10, 4194304 bytes, linear)
[    0.383719] TCP bind hash table entries: 65536 (order: 9, 2097152 bytes, linear)
[    0.383819] TCP: Hash tables configured (established 524288 bind 65536)
[    0.383973] MPTCP token hash table entries: 65536 (order: 8, 1572864 bytes, linear)
[    0.384126] UDP hash table entries: 32768 (order: 8, 1048576 bytes, linear)
[    0.384236] UDP-Lite hash table entries: 32768 (order: 8, 1048576 bytes, linear)
[    0.384316] NET: Registered PF_UNIX/PF_LOCAL protocol family
[    0.384321] NET: Registered PF_XDP protocol family
[    0.384327] pci 0000:00:1c.0: bridge window [mem 0x00100000-0x000fffff 64bit pref] to [bus 04] add_size 200000 add_align 100000
[    0.384331] pci 0000:00:1d.0: bridge window [mem 0x00100000-0x000fffff 64bit pref] to [bus 06] add_size 200000 add_align 100000
[    0.384337] pci 0000:00:1c.0: bridge window [mem 0x4202200000-0x42023fffff 64bit pref]: assigned
[    0.384339] pci 0000:00:1d.0: bridge window [mem 0x4202400000-0x42025fffff 64bit pref]: assigned
[    0.384340] pci 0000:00:15.0: BAR 0 [mem 0x420211e000-0x420211efff 64bit]: assigned
[    0.384401] pci 0000:00:15.1: BAR 0 [mem 0x420211f000-0x420211ffff 64bit]: assigned
[    0.384461] pci 0000:00:15.2: BAR 0 [mem 0x4202120000-0x4202120fff 64bit]: assigned
[    0.384478] resource: avoiding allocation from e820 entry [mem 0x000a0000-0x000fffff]
[    0.384479] resource: avoiding allocation from e820 entry [mem 0x000a0000-0x000fffff]
[    0.384480] pci 0000:00:1f.5: BAR 0 [mem 0xa2904000-0xa2904fff]: assigned
[    0.384491] pci 0000:00:01.0: PCI bridge to [bus 01]
[    0.384492] pci 0000:00:01.0:   bridge window [io  0x5000-0x5fff]
[    0.384495] pci 0000:00:01.0:   bridge window [mem 0xa0000000-0xa10fffff]
[    0.384497] pci 0000:00:01.0:   bridge window [mem 0x4000000000-0x4201ffffff 64bit pref]
[    0.384500] pci 0000:00:06.0: PCI bridge to [bus 02]
[    0.384502] pci 0000:00:06.0:   bridge window [mem 0xa2800000-0xa28fffff]
[    0.384506] pci 0000:00:1b.0: PCI bridge to [bus 03]
[    0.384516] pci 0000:00:1b.0:   bridge window [mem 0xa2700000-0xa27fffff]
[    0.384522] pci 0000:00:1c.0: PCI bridge to [bus 04]
[    0.384524] pci 0000:00:1c.0:   bridge window [io  0x4000-0x4fff]
[    0.384527] pci 0000:00:1c.0:   bridge window [mem 0xa1b00000-0xa24fffff]
[    0.384530] pci 0000:00:1c.0:   bridge window [mem 0x4202200000-0x42023fffff 64bit pref]
[    0.384534] pci 0000:00:1c.6: PCI bridge to [bus 05]
[    0.384538] pci 0000:00:1c.6:   bridge window [mem 0xa2500000-0xa26fffff]
[    0.384544] pci 0000:00:1d.0: PCI bridge to [bus 06]
[    0.384546] pci 0000:00:1d.0:   bridge window [io  0x3000-0x3fff]
[    0.384549] pci 0000:00:1d.0:   bridge window [mem 0xa1100000-0xa1afffff]
[    0.384552] pci 0000:00:1d.0:   bridge window [mem 0x4202400000-0x42025fffff 64bit pref]
[    0.384557] pci_bus 0000:00: resource 4 [io  0x0000-0x0cf7 window]
[    0.384558] pci_bus 0000:00: resource 5 [io  0x0d00-0xffff window]
[    0.384559] pci_bus 0000:00: resource 6 [mem 0x000a0000-0x000bffff window]
[    0.384560] pci_bus 0000:00: resource 7 [mem 0x000e0000-0x000effff window]
[    0.384561] pci_bus 0000:00: resource 8 [mem 0xa0000000-0xdfffffff window]
[    0.384562] pci_bus 0000:00: resource 9 [mem 0x4000000000-0x7fffffffff window]
[    0.384563] pci_bus 0000:01: resource 0 [io  0x5000-0x5fff]
[    0.384563] pci_bus 0000:01: resource 1 [mem 0xa0000000-0xa10fffff]
[    0.384564] pci_bus 0000:01: resource 2 [mem 0x4000000000-0x4201ffffff 64bit pref]
[    0.384565] pci_bus 0000:02: resource 1 [mem 0xa2800000-0xa28fffff]
[    0.384566] pci_bus 0000:03: resource 1 [mem 0xa2700000-0xa27fffff]
[    0.384567] pci_bus 0000:04: resource 0 [io  0x4000-0x4fff]
[    0.384567] pci_bus 0000:04: resource 1 [mem 0xa1b00000-0xa24fffff]
[    0.384568] pci_bus 0000:04: resource 2 [mem 0x4202200000-0x42023fffff 64bit pref]
[    0.384569] pci_bus 0000:05: resource 1 [mem 0xa2500000-0xa26fffff]
[    0.384570] pci_bus 0000:06: resource 0 [io  0x3000-0x3fff]
[    0.384570] pci_bus 0000:06: resource 1 [mem 0xa1100000-0xa1afffff]
[    0.384571] pci_bus 0000:06: resource 2 [mem 0x4202400000-0x42025fffff 64bit pref]
[    0.384956] pci 0000:01:00.1: extending delay after power-on from D3hot to 20 msec
[    0.384978] pci 0000:01:00.1: D0 power state depends on 0000:01:00.0
[    0.384994] PCI: CLS 64 bytes, default 64
[    0.385052] PCI-DMA: Using software bounce buffering for IO (SWIOTLB)
[    0.385053] software IO TLB: mapped [mem 0x000000008c35e000-0x000000009035e000] (64MB)
[    0.385080] clocksource: tsc: mask: 0xffffffffffffffff max_cycles: 0x23fa772cf26, max_idle_ns: 440795269835 ns
[    0.385099] clocksource: Switched to clocksource tsc
[    0.385100] Trying to unpack rootfs image as initramfs...
[    0.385115] platform rtc_cmos: registered platform RTC device (no PNP device found)
[    0.397157] Initialise system trusted keyrings
[    0.397184] workingset: timestamp_bits=40 max_order=24 bucket_order=0
[    0.402699] Key type asymmetric registered
[    0.402700] Asymmetric key parser 'x509' registered
[    0.402715] Block layer SCSI generic (bsg) driver version 0.4 loaded (major 251)
[    0.402744] io scheduler mq-deadline registered
[    0.402745] io scheduler kyber registered
[    0.404589] Monitor-Mwait will be used to enter C-1 state
[    0.404595] Monitor-Mwait will be used to enter C-2 state
[    0.404599] Monitor-Mwait will be used to enter C-3 state
[    0.407484] Serial: 8250/16550 driver, 4 ports, IRQ sharing enabled
[    0.407566] 00:01: ttyS0 at I/O 0x3f8 (irq = 4, base_baud = 115200) is a 16550A
[    0.408335] Linux agpgart interface v0.103
[    0.408394] ACPI: bus type drm_connector registered
[    0.409544] usbcore: registered new interface driver usbserial_generic
[    0.409547] usbserial: USB Serial support registered for generic
[    0.410032] intel_pstate: HWP enabled by BIOS
[    0.410033] intel_pstate: Intel P-state driver initializing
[    0.411187] intel_pstate: HWP enabled
[    0.411307] simple-framebuffer simple-framebuffer.0: [drm] Registered 1 planes with drm panic
[    0.411309] [drm] Initialized simpledrm 1.0.0 for simple-framebuffer.0 on minor 0
[    0.412304] Console: switching to colour frame buffer device 128x48
[    0.413658] simple-framebuffer simple-framebuffer.0: [drm] fb0: simpledrmdrmfb frame buffer device
[    0.413711] drop_monitor: Initializing network drop monitor service
[    0.413774] NET: Registered PF_INET6 protocol family
[    0.417927] Freeing initrd memory: 20552K
[    0.418141] Segment Routing with IPv6
[    0.418147] In-situ OAM (IOAM) with IPv6
[    0.419124] ENERGY_PERF_BIAS: Set to 'normal', was 'performance'
[    0.419375] microcode: Current revision: 0x00000063
[    0.419376] microcode: Updated early from: 0x00000040
[    0.419611] IPI shorthand broadcast: enabled
[    0.420436] sched_clock: Marking stable (415023738, 4572230)->(425947194, -6351226)
[    0.420581] registered taskstats version 1
[    0.420675] Loading compiled-in X.509 certificates
[    0.422429] Demotion targets for Node 0: null
[    0.422461] Key type .fscrypt registered
[    0.422462] Key type fscrypt-provisioning registered
[    0.422521] PM:   Magic number: 9:441:230
[    0.422551] acpi device:77: hash matches
[    0.422556] acpi device:4a: hash matches
[    0.424226] RAS: Correctable Errors collector initialized.
[    0.429745] clk: Disabling unused clocks
[    0.429746] PM: genpd: Disabling unused power domains
[    0.433446] Freeing unused decrypted memory: 2028K
[    0.433808] Freeing unused kernel image (initmem) memory: 3412K
[    0.433818] Write protecting the kernel read-only data: 30720k
[    0.434265] Freeing unused kernel image (rodata/data gap) memory: 1388K
[    0.440564] x86/mm: Checked W+X mappings: passed, no W+X pages found.
[    0.440567] Run /init as init process
[    0.440568]   with arguments:
[    0.440568]     /init
[    0.440569]   with environment:
[    0.440570]     HOME=/
[    0.440570]     TERM=linux
[    0.440571]     fbdev=1
[    0.450941] stage-1-init: [Mon May 12 13:14:45 UTC 2025] loading module dm_mod...
[    0.457474] device-mapper: ioctl: 4.48.0-ioctl (2023-03-01) initialised: dm-devel@lists.linux.dev
[    0.458129] stage-1-init: [Mon May 12 13:14:45 UTC 2025] running udev...
[    0.462855] stage-1-init: [Mon May 12 13:14:45 UTC 2025] Starting systemd-udevd version 257.5
[    0.504320] SCSI subsystem initialized
[    0.506126] nvme 0000:02:00.0: platform quirk: setting simple suspend
[    0.506199] nvme nvme1: pci function 0000:02:00.0
[    0.506199] nvme nvme0: pci function 0000:03:00.0
[    0.516105] libata version 3.00 loaded.
[    0.522371] nvme nvme0: allocated 64 MiB host memory buffer.
[    0.541263] nvme nvme0: 8/0/0 default/read/poll queues
[    0.545513] nvme nvme1: 16/0/0 default/read/poll queues
[    0.550141]  nvme1n1: p1 p2 p3 p4
[    0.550941]  nvme0n1: p1 p2 p3
[    0.551963] xhci_hcd 0000:00:14.0: xHCI Host Controller
[    0.551968] xhci_hcd 0000:00:14.0: new USB bus registered, assigned bus number 1
[    0.553076] xhci_hcd 0000:00:14.0: hcc params 0x20007fc1 hci version 0x120 quirks 0x0000000200009810
[    0.553362] xhci_hcd 0000:00:14.0: xHCI Host Controller
[    0.553364] xhci_hcd 0000:00:14.0: new USB bus registered, assigned bus number 2
[    0.553366] xhci_hcd 0000:00:14.0: Host supports USB 3.2 Enhanced SuperSpeed
[    0.553403] usb usb1: New USB device found, idVendor=1d6b, idProduct=0002, bcdDevice= 6.12
[    0.553405] usb usb1: New USB device strings: Mfr=3, Product=2, SerialNumber=1
[    0.553406] usb usb1: Product: xHCI Host Controller
[    0.553406] usb usb1: Manufacturer: Linux 6.12.28 xhci-hcd
[    0.553407] usb usb1: SerialNumber: 0000:00:14.0
[    0.553495] hub 1-0:1.0: USB hub found
[    0.553529] hub 1-0:1.0: 16 ports detected
[    0.553769] ahci 0000:00:17.0: version 3.0
[    0.553775] ahci 0000:00:17.0: enabling device (0000 -> 0003)
[    0.554069] ahci 0000:00:17.0: AHCI vers 0001.0301, 32 command slots, 6 Gbps, SATA mode
[    0.554072] ahci 0000:00:17.0: 6/6 ports implemented (port mask 0x3f)
[    0.554073] ahci 0000:00:17.0: flags: 64bit ncq sntf clo only pio slum part ems deso sadm sds 
[    0.555777] usb usb2: New USB device found, idVendor=1d6b, idProduct=0003, bcdDevice= 6.12
[    0.555779] usb usb2: New USB device strings: Mfr=3, Product=2, SerialNumber=1
[    0.555780] usb usb2: Product: xHCI Host Controller
[    0.555781] usb usb2: Manufacturer: Linux 6.12.28 xhci-hcd
[    0.555781] usb usb2: SerialNumber: 0000:00:14.0
[    0.555892] hub 2-0:1.0: USB hub found
[    0.555909] hub 2-0:1.0: 5 ports detected
[    0.567844] scsi host0: ahci
[    0.567921] scsi host1: ahci
[    0.567971] scsi host2: ahci
[    0.568022] scsi host3: ahci
[    0.568069] scsi host4: ahci
[    0.568114] scsi host5: ahci
[    0.568136] ata1: SATA max UDMA/133 abar m2048@0xa2902000 port 0xa2902100 irq 160 lpm-pol 3
[    0.568139] ata2: SATA max UDMA/133 abar m2048@0xa2902000 port 0xa2902180 irq 160 lpm-pol 3
[    0.568140] ata3: SATA max UDMA/133 abar m2048@0xa2902000 port 0xa2902200 irq 160 lpm-pol 3
[    0.568142] ata4: SATA max UDMA/133 abar m2048@0xa2902000 port 0xa2902280 irq 160 lpm-pol 3
[    0.568143] ata5: SATA max UDMA/133 abar m2048@0xa2902000 port 0xa2902300 irq 160 lpm-pol 3
[    0.568145] ata6: SATA max UDMA/133 abar m2048@0xa2902000 port 0xa2902380 irq 160 lpm-pol 3
[    0.793600] usb 1-2: new full-speed USB device number 2 using xhci_hcd
[    0.879915] ata1: SATA link down (SStatus 4 SControl 300)
[    0.880042] ata4: SATA link down (SStatus 4 SControl 300)
[    0.880257] ata3: SATA link down (SStatus 4 SControl 300)
[    0.880319] ata6: SATA link down (SStatus 4 SControl 300)
[    0.880379] ata2: SATA link down (SStatus 4 SControl 300)
[    0.880444] ata5: SATA link down (SStatus 4 SControl 300)
[    0.892081] stage-1-init: [Mon May 12 13:14:45 UTC 2025] starting device mapper and LVM...
[    0.918955] usb 1-2: config 1 has an invalid interface number: 2 but max is 1
[    0.918966] usb 1-2: config 1 has no interface number 1
[    0.920204] usb 1-2: New USB device found, idVendor=0b05, idProduct=19af, bcdDevice= 1.00
[    0.920216] usb 1-2: New USB device strings: Mfr=1, Product=2, SerialNumber=3
[    0.920222] usb 1-2: Product: AURA LED Controller
[    0.920226] usb 1-2: Manufacturer: AsusTek Computer Inc.
[    0.920230] usb 1-2: SerialNumber: 9876543210
[    0.930910] hid: raw HID events driver (C) Jiri Kosina
[    0.933599] usbcore: registered new interface driver usbhid
[    0.933600] usbhid: USB HID core driver
[    0.934199] hid-generic 0003:0B05:19AF.0001: hiddev96,hidraw0: USB HID v1.11 Device [AsusTek Computer Inc. AURA LED Controller] on usb-0000:00:14.0-2/input2
[    0.936603] stage-1-init: [Mon May 12 13:14:45 UTC 2025] checking /dev/disk/by-uuid/11fc49d2-df53-4f0b-8a17-4f6da341da4f...
[    0.937024] stage-1-init: [Mon May 12 13:14:45 UTC 2025] fsck (busybox 1.36.1)
[    0.937457] stage-1-init: [Mon May 12 13:14:45 UTC 2025] [fsck.ext4 (1) -- /mnt-root/] fsck.ext4 -a /dev/disk/by-uuid/11fc49d2-df53-4f0b-8a17-4f6da341da4f
[    0.942928] stage-1-init: [Mon May 12 13:14:45 UTC 2025] /dev/disk/by-uuid/11fc49d2-df53-4f0b-8a17-4f6da341da4f: clean, 10602522/117547008 files, 189398943/470183046 blocks
[    0.944520] stage-1-init: [Mon May 12 13:14:45 UTC 2025] mounting /dev/disk/by-uuid/11fc49d2-df53-4f0b-8a17-4f6da341da4f on /...
[    0.992925] EXT4-fs (nvme0n1p2): mounted filesystem 11fc49d2-df53-4f0b-8a17-4f6da341da4f r/w with ordered data mode. Quota mode: none.
[    1.004642] EXT4-fs (nvme0n1p2): re-mounted 11fc49d2-df53-4f0b-8a17-4f6da341da4f r/w. Quota mode: none.
[    1.033626] usb 1-9: new high-speed USB device number 3 using xhci_hcd
[    1.158832] usb 1-9: New USB device found, idVendor=05e3, idProduct=0608, bcdDevice=60.90
[    1.158836] usb 1-9: New USB device strings: Mfr=0, Product=1, SerialNumber=0
[    1.158837] usb 1-9: Product: USB2.0 Hub
[    1.159737] hub 1-9:1.0: USB hub found
[    1.160017] hub 1-9:1.0: 4 ports detected
[    1.273616] usb 1-10: new high-speed USB device number 4 using xhci_hcd
[    1.398045] usb 1-10: New USB device found, idVendor=05e3, idProduct=0608, bcdDevice=60.90
[    1.398047] usb 1-10: New USB device strings: Mfr=0, Product=1, SerialNumber=0
[    1.398048] usb 1-10: Product: USB2.0 Hub
[    1.399266] hub 1-10:1.0: USB hub found
[    1.399578] hub 1-10:1.0: 4 ports detected
[    1.458743] usb 1-9.2: new full-speed USB device number 5 using xhci_hcd
[    1.458795] EXT4-fs (nvme0n1p2): re-mounted 11fc49d2-df53-4f0b-8a17-4f6da341da4f r/w. Quota mode: none.
[    1.458970] booting system configuration /nix/store/8ifvjqgavfsx6lpqzm2c35yyiqxqqjr7-nixos-system-plo-25.05.20250510.d89fc19
[    1.519395] stage-2-init: running activation script...
[    1.536337] usb 1-9.2: New USB device found, idVendor=0b05, idProduct=1866, bcdDevice= 0.03
[    1.536350] usb 1-9.2: New USB device strings: Mfr=1, Product=2, SerialNumber=0
[    1.536355] usb 1-9.2: Product: ITE Device(8910)
[    1.536360] usb 1-9.2: Manufacturer: ITE Tech. Inc.
[    1.541469] hid-generic 0003:0B05:1866.0002: hiddev97,hidraw1: USB HID v1.10 Device [ITE Tech. Inc. ITE Device(8910)] on usb-0000:00:14.0-9.2/input0
[    1.643655] usb 1-14: new full-speed USB device number 6 using xhci_hcd
[    1.662635] stage-2-init: setting up /etc...
[    1.768580] usb 1-14: New USB device found, idVendor=8087, idProduct=0026, bcdDevice= 0.02
[    1.768582] usb 1-14: New USB device strings: Mfr=0, Product=0, SerialNumber=0
[    1.829610] usb 1-10.3: new full-speed USB device number 7 using xhci_hcd
[    1.915329] usb 1-10.3: New USB device found, idVendor=1532, idProduct=022a, bcdDevice= 2.00
[    1.915332] usb 1-10.3: New USB device strings: Mfr=1, Product=2, SerialNumber=0
[    1.915333] usb 1-10.3: Product: Razer Cynosa Chroma
[    1.915333] usb 1-10.3: Manufacturer: Razer
[    1.923469] input: Razer Razer Cynosa Chroma as /devices/pci0000:00/0000:00:14.0/usb1/1-10/1-10.3/1-10.3:1.0/0003:1532:022A.0003/input/input0
[    1.927609] stage-2-init: setting up secrets...
[    1.973676] hid-generic 0003:1532:022A.0003: input,hidraw2: USB HID v1.11 Keyboard [Razer Razer Cynosa Chroma] on usb-0000:00:14.0-10.3/input0
[    1.974350] input: Razer Razer Cynosa Chroma Keyboard as /devices/pci0000:00/0000:00:14.0/usb1/1-10/1-10.3/1-10.3:1.1/0003:1532:022A.0004/input/input1
[    2.011644] stage-2-init: sops-install-secrets: Imported /etc/ssh/ssh_host_rsa_key as GPG key with fingerprint d03ee0f8c6609b95e952beffd88706c62d5cf09c
[    2.011816] stage-2-init: sops-install-secrets: Imported /etc/ssh/ssh_host_ed25519_key as age key with fingerprint age19jaspvqmfaskksgcvac4y8xh875je8k6avcpt8fp5c24nypgn9mqyyq7wu
[    2.024682] input: Razer Razer Cynosa Chroma as /devices/pci0000:00/0000:00:14.0/usb1/1-10/1-10.3/1-10.3:1.1/0003:1532:022A.0004/input/input2
[    2.024745] hid-generic 0003:1532:022A.0004: input,hidraw3: USB HID v1.11 Keyboard [Razer Razer Cynosa Chroma] on usb-0000:00:14.0-10.3/input1
[    2.025247] input: Razer Razer Cynosa Chroma as /devices/pci0000:00/0000:00:14.0/usb1/1-10/1-10.3/1-10.3:1.2/0003:1532:022A.0005/input/input3
[    2.025301] hid-generic 0003:1532:022A.0005: input,hidraw4: USB HID v1.11 Mouse [Razer Razer Cynosa Chroma] on usb-0000:00:14.0-10.3/input2
[    2.098671] usb 1-10.4: new full-speed USB device number 8 using xhci_hcd
[    2.184724] usb 1-10.4: New USB device found, idVendor=1532, idProduct=0098, bcdDevice= 2.00
[    2.184737] usb 1-10.4: New USB device strings: Mfr=1, Product=2, SerialNumber=0
[    2.184743] usb 1-10.4: Product: Razer DeathAdder Essential
[    2.184747] usb 1-10.4: Manufacturer: Razer
[    2.194111] input: Razer Razer DeathAdder Essential as /devices/pci0000:00/0000:00:14.0/usb1/1-10/1-10.4/1-10.4:1.0/0003:1532:0098.0006/input/input4
[    2.194324] hid-generic 0003:1532:0098.0006: input,hidraw5: USB HID v1.11 Mouse [Razer Razer DeathAdder Essential] on usb-0000:00:14.0-10.4/input0
[    2.196125] input: Razer Razer DeathAdder Essential Keyboard as /devices/pci0000:00/0000:00:14.0/usb1/1-10/1-10.4/1-10.4:1.1/0003:1532:0098.0007/input/input5
[    2.246781] input: Razer Razer DeathAdder Essential as /devices/pci0000:00/0000:00:14.0/usb1/1-10/1-10.4/1-10.4:1.1/0003:1532:0098.0007/input/input6
[    2.246998] hid-generic 0003:1532:0098.0007: input,hidraw6: USB HID v1.11 Keyboard [Razer Razer DeathAdder Essential] on usb-0000:00:14.0-10.4/input1
[    2.248086] input: Razer Razer DeathAdder Essential as /devices/pci0000:00/0000:00:14.0/usb1/1-10/1-10.4/1-10.4:1.2/0003:1532:0098.0008/input/input7
[    2.298929] hid-generic 0003:1532:0098.0008: input,hidraw7: USB HID v1.11 Keyboard [Razer Razer DeathAdder Essential] on usb-0000:00:14.0-10.4/input2
[    2.484793] systemd[1]: Inserted module 'autofs4'
[    2.524690] systemd[1]: systemd 257.5 running in system mode (+PAM +AUDIT -SELINUX +APPARMOR +IMA +IPE +SMACK +SECCOMP +GCRYPT -GNUTLS +OPENSSL +ACL +BLKID +CURL +ELFUTILS +FIDO2 +IDN2 -IDN +IPTC +KMOD +LIBCRYPTSETUP +LIBCRYPTSETUP_PLUGINS +LIBFDISK +PCRE2 +PWQUALITY +P11KIT +QRENCODE +TPM2 +BZIP2 +LZ4 +XZ +ZLIB +ZSTD +BPF_FRAMEWORK -BTF -XKBCOMMON +UTMP -SYSVINIT +LIBARCHIVE)
[    2.524693] systemd[1]: Detected architecture x86-64.
[    2.526235] systemd[1]: Hostname set to <plo>.
[    2.636053] systemd[1]: bpf-restrict-fs: LSM BPF program attached
[    2.871747] systemd[1]: Queued start job for default target Graphical Interface.
[    2.898077] systemd[1]: Created slice Slice /system/modprobe.
[    2.898351] systemd[1]: Created slice Slice /system/systemd-fsck.
[    2.898565] systemd[1]: Created slice User and Session Slice.
[    2.898613] systemd[1]: Started Dispatch Password Requests to Console Directory Watch.
[    2.898650] systemd[1]: Started Forward Password Requests to Wall Directory Watch.
[    2.898678] systemd[1]: Expecting device /dev/disk/by-uuid/6D41-D3E4...
[    2.898694] systemd[1]: Expecting device /dev/disk/by-uuid/ceba2ede-58d4-4acf-8d80-bea673024ac1...
[    2.898712] systemd[1]: Expecting device /dev/tpmrm0...
[    2.898726] systemd[1]: Expecting device /sys/subsystem/net/devices/enp5s0...
[    2.898741] systemd[1]: Reached target Local Encrypted Volumes.
[    2.898758] systemd[1]: Reached target Login Prompts.
[    2.898777] systemd[1]: Reached target Containers.
[    2.898797] systemd[1]: Reached target Path Units.
[    2.898814] systemd[1]: Reached target Remote File Systems.
[    2.898829] systemd[1]: Reached target Slice Units.
[    2.899803] systemd[1]: Listening on Process Core Dump Socket.
[    2.901558] systemd[1]: Listening on Credential Encryption/Decryption.
[    2.902635] systemd[1]: Listening on Journal Audit Socket.
[    2.903166] systemd[1]: Listening on Journal Socket (/dev/log).
[    2.903633] systemd[1]: Listening on Journal Sockets.
[    2.904123] systemd[1]: Listening on Userspace Out-Of-Memory (OOM) Killer Socket.
[    2.904510] systemd[1]: Listening on udev Control Socket.
[    2.904827] systemd[1]: Listening on udev Kernel Socket.
[    2.906631] systemd[1]: Mounting Huge Pages File System...
[    2.908788] systemd[1]: Mounting POSIX Message Queue File System...
[    2.911157] systemd[1]: Mounting Kernel Debug File System...
[    2.913819] systemd[1]: Mounting Kernel Trace File System...
[    2.916729] systemd[1]: Starting Create List of Static Device Nodes...
[    2.917816] systemd[1]: Starting Load Kernel Module configfs...
[    2.918712] systemd[1]: Starting Load Kernel Module drm...
[    2.919985] systemd[1]: Starting Load Kernel Module efi_pstore...
[    2.921188] systemd[1]: Starting Load Kernel Module fuse...
[    2.921754] systemd[1]: Starting mount-pstore.service...
[    2.921933] systemd[1]: File System Check on Root Device was skipped because of an unmet condition check (ConditionPathIsReadWrite=!/).
[    2.921957] systemd[1]: Clear Stale Hibernate Storage Info was skipped because of an unmet condition check (ConditionPathExists=/sys/firmware/efi/efivars/HibernateLocation-8cf2644b-4b0b-428f-9387-6d876050dc67).
[    2.922865] systemd[1]: Starting Journal Service...
[    2.923355] pstore: Using crash dump compression: deflate
[    2.923692] systemd[1]: Starting Load Kernel Modules...
[    2.924511] systemd[1]: Starting Userspace Out-Of-Memory (OOM) Killer...
[    2.925212] systemd[1]: Starting Remount Root and Kernel File Systems...
[    2.925922] systemd[1]: Starting Coldplug All udev Devices...
[    2.927795] systemd[1]: Mounted Huge Pages File System.
[    2.928096] systemd[1]: Mounted POSIX Message Queue File System.
[    2.928293] systemd[1]: Mounted Kernel Debug File System.
[    2.928473] systemd[1]: Mounted Kernel Trace File System.
[    2.928797] systemd[1]: Finished Create List of Static Device Nodes.
[    2.929059] systemd[1]: modprobe@configfs.service: Deactivated successfully.
[    2.929159] systemd[1]: Finished Load Kernel Module configfs.
[    2.929463] systemd[1]: modprobe@drm.service: Deactivated successfully.
[    2.929552] systemd[1]: Finished Load Kernel Module drm.
[    2.930664] fuse: init (API version 7.41)
[    2.930941] systemd[1]: Mounting Kernel Configuration File System...
[    2.931580] systemd[1]: Starting Create Static Device Nodes in /dev gracefully...
[    2.931859] systemd[1]: modprobe@fuse.service: Deactivated successfully.
[    2.931972] systemd[1]: Finished Load Kernel Module fuse.
[    2.932851] systemd[1]: Mounting FUSE Control File System...
[    2.933224] pstore: Registered efi_pstore as persistent store backend
[    2.933592] systemd[1]: modprobe@efi_pstore.service: Deactivated successfully.
[    2.933704] systemd[1]: Finished Load Kernel Module efi_pstore.
[    2.935081] systemd[1]: Mounted Kernel Configuration File System.
[    2.935752] systemd[1]: Mounted FUSE Control File System.
[    2.936794] systemd-journald[630]: Collecting audit messages is enabled.
[    2.944908] systemd[1]: Started Userspace Out-Of-Memory (OOM) Killer.
[    2.945266] systemd[1]: Finished mount-pstore.service.
[    2.946932] systemd[1]: Finished Create Static Device Nodes in /dev gracefully.
[    2.947616] systemd[1]: Starting Create Static Device Nodes in /dev...
[    2.955961] EXT4-fs (nvme0n1p2): re-mounted 11fc49d2-df53-4f0b-8a17-4f6da341da4f r/w. Quota mode: none.
[    2.968043] systemd[1]: Finished Create Static Device Nodes in /dev.
[    2.968393] systemd[1]: Started Journal Service.
[    2.981484] systemd-journald[630]: Received client request to flush runtime journal.
[    3.005792] bridge: filtering via arp/ip/ip6tables is no longer available by default. Update your scripts to load br_netfilter if you need this.
[    3.014603] tun: Universal TUN/TAP device driver, 1.6
[    3.018047] loop: module loaded
[    3.095351] input: Sleep Button as /devices/LNXSYSTM:00/LNXSYBUS:00/PNP0C0E:00/input/input8
[    3.095407] ACPI: button: Sleep Button [SLPB]
[    3.097012] input: Power Button as /devices/LNXSYSTM:00/LNXSYBUS:00/PNP0C0C:00/input/input9
[    3.097039] ACPI: button: Power Button [PWRB]
[    3.098353] input: Power Button as /devices/LNXSYSTM:00/LNXPWRBN:00/input/input10
[    3.103738] ACPI: button: Power Button [PWRF]
[    3.114285] intel_pmc_core INT33A1:00:  initialized
[    3.115308] thermal LNXTHERM:00: registered as thermal_zone0
[    3.115310] ACPI: thermal: Thermal Zone [TZ00] (28 C)
[    3.126936] rtc_cmos rtc_cmos: RTC can wake from S4
[    3.130928] i801_smbus 0000:00:1f.4: SPD Write Disable is set
[    3.130970] i801_smbus 0000:00:1f.4: SMBus using PCI interrupt
[    3.131595] usbcore: registered new device driver onboard-usb-dev
[    3.132846] rtc_cmos rtc_cmos: registered as rtc0
[    3.132927] pps_core: LinuxPPS API ver. 1 registered
[    3.132930] pps_core: Software ver. 5.3.6 - Copyright 2005-2007 Rodolfo Giometti <giometti@linux.it>
[    3.133033] rtc_cmos rtc_cmos: setting system clock to 2025-05-12T13:14:48 UTC (1747055688)
[    3.133075] rtc_cmos rtc_cmos: alarms up to one month, y3k, 114 bytes nvram
[    3.133588] i2c i2c-0: Successfully instantiated SPD at 0x50
[    3.134861] i2c i2c-0: Successfully instantiated SPD at 0x51
[    3.135338] i2c i2c-0: Successfully instantiated SPD at 0x52
[    3.136167] i2c i2c-0: Successfully instantiated SPD at 0x53
[    3.140051] PTP clock support registered
[    3.140102] mei_me 0000:00:16.0: enabling device (0000 -> 0002)
[    3.142113] cryptd: max_cpu_qlen set to 1000
[    3.144594] intel-lpss 0000:00:15.0: enabling device (0004 -> 0006)
[    3.146442] idma64 idma64.0: Found Intel integrated DMA 64-bit
[    3.155498] Intel(R) 2.5G Ethernet Linux Driver
[    3.155501] Copyright(c) 2018 Intel Corporation.
[    3.156189] igc 0000:05:00.0: enabling device (0000 -> 0002)
[    3.156325] igc 0000:05:00.0: PCIe PTM not supported by PCIe bus/controller
[    3.157766] i8042: PNP: No PS/2 controller found.
[    3.159514] mousedev: PS/2 mouse device common for all mice
[    3.161767] intel-lpss 0000:00:15.1: enabling device (0004 -> 0006)
[    3.162066] idma64 idma64.1: Found Intel integrated DMA 64-bit
[    3.172186] Bluetooth: Core ver 2.22
[    3.172202] NET: Registered PF_BLUETOOTH protocol family
[    3.172203] Bluetooth: HCI device and connection manager initialized
[    3.172208] Bluetooth: HCI socket layer initialized
[    3.172210] Bluetooth: L2CAP socket layer initialized
[    3.172213] Bluetooth: SCO socket layer initialized
[    3.177595] intel-lpss 0000:00:15.2: enabling device (0004 -> 0006)
[    3.177968] idma64 idma64.2: Found Intel integrated DMA 64-bit
[    3.188149] AES CTR mode by8 optimization enabled
[    3.192420] cfg80211: Loading compiled-in X.509 certificates for regulatory database
[    3.192898] ee1004 0-0050: 512 byte EE1004-compliant SPD EEPROM, read-only
[    3.193003] asus_wmi: ASUS WMI generic driver loaded
[    3.194460] Loaded X.509 cert 'sforshee: 00b28ddf47aef9cea7'
[    3.194609] Loaded X.509 cert 'wens: 61c038651aabdcf94bd0ac7ff06c7248db18c600'
[    3.195109] iTCO_wdt iTCO_wdt: Found a Intel PCH TCO device (Version=6, TCOBASE=0x0400)
[    3.195427] asus_wmi: Initialization: 0x1
[    3.195434] iTCO_wdt iTCO_wdt: initialized. heartbeat=30 sec (nowayout=0)
[    3.195435] ee1004 0-0051: 512 byte EE1004-compliant SPD EEPROM, read-only
[    3.195463] asus_wmi: Initialization: 0x1
[    3.195496] asus_wmi: BIOS WMI version: 9.0
[    3.195531] asus_wmi: SFUN value: 0x21
[    3.195534] eeepc-wmi eeepc-wmi: Detected ATK, not ASUSWMI, use DSTS
[    3.195586] asus_wmi: BIOS WMI version: 9.0
[    3.195753] asus_wmi: SFUN value: 0x21
[    3.195756] asus-nb-wmi asus-nb-wmi: Detected ATK, not ASUSWMI, use DSTS
[    3.196993] ee1004 0-0052: 512 byte EE1004-compliant SPD EEPROM, read-only
[    3.198567] ee1004 0-0053: 512 byte EE1004-compliant SPD EEPROM, read-only
[    3.201618] eeepc-wmi eeepc-wmi: Using throttle_thermal_policy for platform_profile support
[    3.204862] asus-nb-wmi asus-nb-wmi: Using throttle_thermal_policy for platform_profile support
[    3.204864] asus_wmi: platform_profile_setup, a platform_profile handler is already registered
[    3.204912] igc 0000:05:00.0 (unnamed net_device) (uninitialized): PHC added
[    3.206371] asus 0003:0B05:1866.0002: Fixing up Asus N-Key report descriptor
[    3.206789] asus 0003:0B05:1866.0002: hiddev97,hidraw1: USB HID v1.10 Device [ITE Tech. Inc. ITE Device(8910)] on usb-0000:00:14.0-9.2/input0
[    3.206792] asus 0003:0B05:1866.0002: Asus input not registered
[    3.208194] input: Eee PC WMI hotkeys as /devices/platform/eeepc-wmi/input/input11
[    3.208290] input: Asus WMI hotkeys as /devices/platform/asus-nb-wmi/input/input12
[    3.208315] asus 0003:0B05:1866.0002: probe with driver asus failed with error -12
[    3.213597] Creating 1 MTD partitions on "0000:00:1f.5":
[    3.213604] 0x000000000000-0x000001000000 : "BIOS"
[    3.213691] Intel(R) Wireless WiFi driver for Linux
[    3.213739] iwlwifi 0000:00:14.3: enabling device (0000 -> 0002)
[    3.215651] usbcore: registered new interface driver btusb
[    3.215730] iwlwifi 0000:00:14.3: Detected crf-id 0x3617, cnv-id 0x20000302 wfpm id 0x80000000
[    3.215753] iwlwifi 0000:00:14.3: PCI dev 43f0/0074, rev=0x351, rfid=0x10a100
[    3.215757] iwlwifi 0000:00:14.3: Detected Intel(R) Wi-Fi 6 AX201 160MHz
[    3.216610] Bluetooth: hci0: Bootloader revision 0.4 build 0 week 30 2018
[    3.217619] Bluetooth: hci0: Device revision is 2
[    3.217622] Bluetooth: hci0: Secure boot is enabled
[    3.217623] Bluetooth: hci0: OTP lock is enabled
[    3.217623] Bluetooth: hci0: API lock is enabled
[    3.217624] Bluetooth: hci0: Debug lock is disabled
[    3.217627] Bluetooth: hci0: Minimum firmware build 1 week 10 2014
[    3.223724] Adding 72253504k swap on /dev/nvme0n1p3.  Priority:-2 extents:1 across:72253504k SS
[    3.227167] snd_hda_intel 0000:00:1f.3: enabling device (0000 -> 0002)
[    3.227559] snd_hda_intel 0000:01:00.1: enabling device (0000 -> 0002)
[    3.227650] snd_hda_intel 0000:01:00.1: Disabling MSI
[    3.227653] snd_hda_intel 0000:01:00.1: Handle vga_switcheroo audio client
[    3.229728] igc 0000:05:00.0: 4.000 Gb/s available PCIe bandwidth (5.0 GT/s PCIe x1 link)
[    3.229731] igc 0000:05:00.0 eth0: MAC: 7c:10:c9:d2:50:95
[    3.233854] igc 0000:05:00.0 enp5s0: renamed from eth0
[    3.245565] iwlwifi 0000:00:14.3: TLV_FW_FSEQ_VERSION: FSEQ Version: 89.3.35.37
[    3.245843] iwlwifi 0000:00:14.3: loaded firmware version 77.f31a351f.0 QuZ-a0-hr-b0-77.ucode op_mode iwlmvm
[    3.250335] Bluetooth: hci0: Found device firmware: intel/ibt-19-0-4.sfi
[    3.250383] Bluetooth: hci0: Boot Address: 0x24800
[    3.250385] Bluetooth: hci0: Firmware Version: 132-3.24
[    3.250735] intel_rapl_common: Found RAPL domain package
[    3.250737] intel_rapl_common: Found RAPL domain core
[    3.258180] snd_hda_codec_realtek hdaudioC0D0: autoconfig for ALC1220: line_outs=3 (0x14/0x15/0x16/0x0/0x0) type:line
[    3.258183] snd_hda_codec_realtek hdaudioC0D0:    speaker_outs=0 (0x0/0x0/0x0/0x0/0x0)
[    3.258185] snd_hda_codec_realtek hdaudioC0D0:    hp_outs=1 (0x1b/0x0/0x0/0x0/0x0)
[    3.258186] snd_hda_codec_realtek hdaudioC0D0:    mono: mono_out=0x0
[    3.258186] snd_hda_codec_realtek hdaudioC0D0:    dig-out=0x1e/0x0
[    3.258187] snd_hda_codec_realtek hdaudioC0D0:    inputs:
[    3.258188] snd_hda_codec_realtek hdaudioC0D0:      Rear Mic=0x18
[    3.258189] snd_hda_codec_realtek hdaudioC0D0:      Front Mic=0x19
[    3.258190] snd_hda_codec_realtek hdaudioC0D0:      Rear Mic=0x17
[    3.258191] snd_hda_codec_realtek hdaudioC0D0:      Line=0x1a
[    3.258669] input: HDA NVidia HDMI/DP,pcm=3 as /devices/pci0000:00/0000:00:01.0/0000:01:00.1/sound/card1/input13
[    3.273561] input: HDA NVidia HDMI/DP,pcm=7 as /devices/pci0000:00/0000:00:01.0/0000:01:00.1/sound/card1/input14
[    3.273923] input: HDA NVidia HDMI/DP,pcm=8 as /devices/pci0000:00/0000:00:01.0/0000:01:00.1/sound/card1/input15
[    3.274555] asus_wmi: fan_curve_get_factory_default (0x00110024) failed: -19
[    3.274590] input: HDA NVidia HDMI/DP,pcm=9 as /devices/pci0000:00/0000:00:01.0/0000:01:00.1/sound/card1/input16
[    3.274686] asus_wmi: fan_curve_get_factory_default (0x00110025) failed: -19
[    3.274801] asus_wmi: fan_curve_get_factory_default (0x00110032) failed: -19
[    3.274949] asus_wmi: fan_curve_get_factory_default (0x00110024) failed: -19
[    3.275030] asus_wmi: fan_curve_get_factory_default (0x00110025) failed: -19
[    3.275112] asus_wmi: fan_curve_get_factory_default (0x00110032) failed: -19
[    3.277010] input: HDA Intel PCH Rear Mic as /devices/pci0000:00/0000:00:1f.3/sound/card0/input17
[    3.277605] input: HDA Intel PCH Front Mic as /devices/pci0000:00/0000:00:1f.3/sound/card0/input18
[    3.277632] input: HDA Intel PCH Rear Mic as /devices/pci0000:00/0000:00:1f.3/sound/card0/input19
[    3.277654] input: HDA Intel PCH Line as /devices/pci0000:00/0000:00:1f.3/sound/card0/input20
[    3.277674] input: HDA Intel PCH Line Out Front as /devices/pci0000:00/0000:00:1f.3/sound/card0/input21
[    3.277699] input: HDA Intel PCH Line Out Surround as /devices/pci0000:00/0000:00:1f.3/sound/card0/input22
[    3.277724] input: HDA Intel PCH Line Out CLFE as /devices/pci0000:00/0000:00:1f.3/sound/card0/input23
[    3.277745] input: HDA Intel PCH Front Headphone as /devices/pci0000:00/0000:00:1f.3/sound/card0/input24
[    3.419689] nvidia: loading out-of-tree module taints kernel.
[    3.419695] nvidia: module license 'NVIDIA' taints kernel.
[    3.419696] Disabling lock debugging due to kernel taint
[    3.419698] nvidia: module license taints kernel.
[    3.446435] iwlwifi 0000:00:14.3: Detected RF HR B5, rfid=0x10a100
[    3.512977] iwlwifi 0000:00:14.3: base HW address: 10:3d:1c:6b:9b:4e
[    3.564652] nvidia-nvlink: Nvlink Core is being initialized, major device number 238

[    3.565904] nvidia 0000:01:00.0: vgaarb: VGA decodes changed: olddecodes=io+mem,decodes=none:owns=io+mem
[    3.568201] iwlwifi 0000:00:14.3 wlo1: renamed from wlan0
[    3.612599] NVRM: loading NVIDIA UNIX x86_64 Kernel Module  570.144  Thu Apr 10 20:33:29 UTC 2025
[    3.659624] nvidia_uvm: module uses symbols nvUvmInterfaceDisableAccessCntr from proprietary module nvidia, inheriting taint.
[    3.740655] nvidia-modeset: Loading NVIDIA Kernel Mode Setting Driver for UNIX platforms  570.144  Thu Apr 10 20:03:03 UTC 2025
[    3.745787] [drm] [nvidia-drm] [GPU ID 0x00000100] Loading driver
[    4.893373] Bluetooth: hci0: Waiting for firmware download to complete
[    4.893633] Bluetooth: hci0: Firmware loaded in 1604777 usecs
[    4.893709] Bluetooth: hci0: Waiting for device to boot
[    4.908659] Bluetooth: hci0: Device booted in 14661 usecs
[    4.909264] Bluetooth: hci0: Found Intel DDC parameters: intel/ibt-19-0-4.ddc
[    4.910671] Bluetooth: hci0: Applying Intel DDC parameters completed
[    4.911639] Bluetooth: hci0: Firmware revision 0.4 build 132 week 3 2024
[    4.913678] Bluetooth: hci0: HCI LE Coded PHY feature bit is set, but its usage is not supported.
[    5.186559] [drm] Initialized nvidia-drm 0.0.0 for 0000:01:00.0 on minor 1
[    5.198697] Console: switching to colour dummy device 80x25
[    5.209777] nvidia 0000:01:00.0: vgaarb: deactivate vga console
[    5.228995] fbcon: nvidia-drmdrmfb (fb0) is primary device
[    5.351754] Console: switching to colour frame buffer device 240x67
[    5.365367] nvidia 0000:01:00.0: [drm] fb0: nvidia-drmdrmfb frame buffer device
[    5.499636] Bluetooth: BNEP (Ethernet Emulation) ver 1.3
[    5.499642] Bluetooth: BNEP socket layer initialized
[    5.500427] Bluetooth: MGMT ver 1.23
[    5.501812] NET: Registered PF_ALG protocol family
[    5.776681] iwlwifi 0000:00:14.3: Registered PHC clock: iwlwifi-PTP, with index: 1
[    6.037822] NET: Registered PF_PACKET protocol family
[   23.194015] nvme nvme0: using unchecked data buffer
[   23.203453] block nvme0n1: No UUID available providing old NGUID
[   24.508425] Bluetooth: RFCOMM TTY layer initialized
[   24.508430] Bluetooth: RFCOMM socket layer initialized
[   24.508431] Bluetooth: RFCOMM ver 1.11
[   39.158242] igc 0000:05:00.0 enp5s0: NIC Link is Up 10 Mbps Full Duplex, Flow Control: RX
